Component: ARM Compiler 5.06 update 6 (build 750) Tool: armlink [4d35ed]

==============================================================================

Section Cross References

    startup_stm32f407xx.o(RESET) refers to startup_stm32f407xx.o(STACK) for __initial_sp
    startup_stm32f407xx.o(RESET) refers to startup_stm32f407xx.o(.text) for Reset_Handler
    startup_stm32f407xx.o(RESET) refers to stm32f4xx_it.o(i.NMI_Handler) for NMI_Handler
    startup_stm32f407xx.o(RESET) refers to stm32f4xx_it.o(i.HardFault_Handler) for HardFault_Handler
    startup_stm32f407xx.o(RESET) refers to stm32f4xx_it.o(i.MemManage_Handler) for MemManage_Handler
    startup_stm32f407xx.o(RESET) refers to stm32f4xx_it.o(i.BusFault_Handler) for BusFault_Handler
    startup_stm32f407xx.o(RESET) refers to stm32f4xx_it.o(i.UsageFault_Handler) for UsageFault_Handler
    startup_stm32f407xx.o(RESET) refers to stm32f4xx_it.o(i.SVC_Handler) for SVC_Handler
    startup_stm32f407xx.o(RESET) refers to stm32f4xx_it.o(i.DebugMon_Handler) for DebugMon_Handler
    startup_stm32f407xx.o(RESET) refers to stm32f4xx_it.o(i.PendSV_Handler) for PendSV_Handler
    startup_stm32f407xx.o(RESET) refers to stm32f4xx_it.o(i.SysTick_Handler) for SysTick_Handler
    startup_stm32f407xx.o(RESET) refers to global.o(i.TIM4_IRQHandler) for TIM4_IRQHandler
    startup_stm32f407xx.o(RESET) refers to stm32f4xx_it.o(i.USART1_IRQHandler) for USART1_IRQHandler
    startup_stm32f407xx.o(.text) refers to system_stm32f4xx.o(i.SystemInit) for SystemInit
    startup_stm32f407xx.o(.text) refers to entry.o(.ARM.Collect$$$$00000000) for __main
    main.o(i.Grbl_loop) refers to system.o(i.System_Clear) for System_Clear
    main.o(i.Grbl_loop) refers to probe.o(i.Probe_Reset) for Probe_Reset
    main.o(i.Grbl_loop) refers to gcode.o(i.GC_Init) for GC_Init
    main.o(i.Grbl_loop) refers to planner.o(i.Planner_Init) for Planner_Init
    main.o(i.Grbl_loop) refers to coolantcontrol.o(i.Coolant_Init) for Coolant_Init
    main.o(i.Grbl_loop) refers to limits.o(i.Limits_Init) for Limits_Init
    main.o(i.Grbl_loop) refers to probe.o(i.Probe_Init) for Probe_Init
    main.o(i.Grbl_loop) refers to spindlecontrol.o(i.Spindle_Init) for Spindle_Init
    main.o(i.Grbl_loop) refers to stepper.o(i.Stepper_Reset) for Stepper_Reset
    main.o(i.Grbl_loop) refers to planner.o(i.Planner_SyncPosition) for Planner_SyncPosition
    main.o(i.Grbl_loop) refers to gcode.o(i.GC_SyncPosition) for GC_SyncPosition
    main.o(i.Grbl_loop) refers to report.o(i.Report_InitMessage) for Report_InitMessage
    main.o(i.Grbl_loop) refers to protocol.o(i.Protocol_MainLoop) for Protocol_MainLoop
    main.o(i.Grbl_loop) refers to main.o(.bss) for .bss
    main.o(i.Grbl_loop) refers to main.o(.data) for .data
    main.o(i.Grbl_setup) refers to print.o(i.Print_Init) for Print_Init
    main.o(i.Grbl_setup) refers to system.o(i.System_Init) for System_Init
    main.o(i.Grbl_setup) refers to stepper.o(i.Stepper_Init) for Stepper_Init
    main.o(i.Grbl_setup) refers to settings.o(i.Settings_Init) for Settings_Init
    main.o(i.Grbl_setup) refers to system.o(i.System_ResetPosition) for System_ResetPosition
    main.o(i.Grbl_setup) refers to arm_motion.o(i.Arm_motion_reset) for Arm_motion_reset
    main.o(i.Grbl_setup) refers to settings.o(.bss) for settings
    main.o(i.Grbl_setup) refers to main.o(.bss) for .bss
    main.o(i.SystemClock_Config) refers to stm32f4xx_hal_rcc.o(i.HAL_RCC_OscConfig) for HAL_RCC_OscConfig
    main.o(i.SystemClock_Config) refers to stm32f4xx_hal_rcc.o(i.HAL_RCC_ClockConfig) for HAL_RCC_ClockConfig
    main.o(i.SystemClock_Config) refers to stm32f4xx_hal_rcc.o(i.HAL_RCC_GetHCLKFreq) for HAL_RCC_GetHCLKFreq
    main.o(i.SystemClock_Config) refers to stm32f4xx_hal_cortex.o(i.HAL_SYSTICK_Config) for HAL_SYSTICK_Config
    main.o(i.SystemClock_Config) refers to stm32f4xx_hal_cortex.o(i.HAL_SYSTICK_CLKSourceConfig) for HAL_SYSTICK_CLKSourceConfig
    main.o(i.SystemClock_Config) refers to stm32f4xx_hal_cortex.o(i.HAL_NVIC_SetPriority) for HAL_NVIC_SetPriority
    main.o(i.main) refers to stm32f4xx_hal.o(i.HAL_Init) for HAL_Init
    main.o(i.main) refers to main.o(i.SystemClock_Config) for SystemClock_Config
    main.o(i.main) refers to gpio.o(i.MX_GPIO_Init) for MX_GPIO_Init
    main.o(i.main) refers to usart.o(i.MX_USART1_UART_Init) for MX_USART1_UART_Init
    main.o(i.main) refers to usb_otg.o(i.MX_USB_OTG_FS_PCD_Init) for MX_USB_OTG_FS_PCD_Init
    main.o(i.main) refers to tim.o(i.MX_TIM9_Init) for MX_TIM9_Init
    main.o(i.main) refers to tim.o(i.MX_TIM4_Init) for MX_TIM4_Init
    main.o(i.main) refers to i2c.o(i.MX_I2C2_Init) for MX_I2C2_Init
    main.o(i.main) refers to spi.o(i.MX_SPI3_Init) for MX_SPI3_Init
    main.o(i.main) refers to main.o(i.Grbl_setup) for Grbl_setup
    main.o(i.main) refers to main.o(i.Grbl_loop) for Grbl_loop
    main.o(i.main) refers to stm32f4xx_hal_gpio.o(i.HAL_GPIO_TogglePin) for HAL_GPIO_TogglePin
[...]
    DMA2_Stream5_IRQHandler                  0x080001b7   Thumb Code     0  startup_stm32f407xx.o(.text)
    DMA2_Stream6_IRQHandler                  0x080001b7   Thumb Code     0  startup_stm32f407xx.o(.text)
    DMA2_Stream7_IRQHandler                  0x080001b7   Thumb Code     0  startup_stm32f407xx.o(.text)
    ETH_IRQHandler                           0x080001b7   Thumb Code     0  startup_stm32f407xx.o(.text)
    ETH_WKUP_IRQHandler                      0x080001b7   Thumb Code     0  startup_stm32f407xx.o(.text)
    EXTI0_IRQHandler                         0x080001b7   Thumb Code     0  startup_stm32f407xx.o(.text)
    EXTI15_10_IRQHandler                     0x080001b7   Thumb Code     0  startup_stm32f407xx.o(.text)
    EXTI1_IRQHandler                         0x080001b7   Thumb Code     0  startup_stm32f407xx.o(.text)
    EXTI2_IRQHandler                         0x080001b7   Thumb Code     0  startup_stm32f407xx.o(.text)
    EXTI3_IRQHandler                         0x080001b7   Thumb Code     0  startup_stm32f407xx.o(.text)
    EXTI4_IRQHandler                         0x080001b7   Thumb Code     0  startup_stm32f407xx.o(.text)
    EXTI9_5_IRQHandler                       0x080001b7   Thumb Code     0  startup_stm32f407xx.o(.text)
    FLASH_IRQHandler                         0x080001b7   Thumb Code     0  startup_stm32f407xx.o(.text)
    FMC_IRQHandler                           0x080001b7   Thumb Code     0  startup_stm32f407xx.o(.text)
    FPU_IRQHandler                           0x080001b7   Thumb Code     0  startup_stm32f407xx.o(.text)
    HASH_RNG_IRQHandler                      0x080001b7   Thumb Code     0  startup_stm32f407xx.o(.text)
    I2C1_ER_IRQHandler                       0x080001b7   Thumb Code     0  startup_stm32f407xx.o(.text)
    I2C1_EV_IRQHandler                       0x080001b7   Thumb Code     0  startup_stm32f407xx.o(.text)
    I2C2_ER_IRQHandler                       0x080001b7   Thumb Code     0  startup_stm32f407xx.o(.text)
    I2C2_EV_IRQHandler                       0x080001b7   Thumb Code     0  startup_stm32f407xx.o(.text)
    I2C3_ER_IRQHandler                       0x080001b7   Thumb Code     0  startup_stm32f407xx.o(.text)
    I2C3_EV_IRQHandler                       0x080001b7   Thumb Code     0  startup_stm32f407xx.o(.text)
    OTG_FS_IRQHandler                        0x080001b7   Thumb Code     0  startup_stm32f407xx.o(.text)
    OTG_FS_WKUP_IRQHandler                   0x080001b7   Thumb Code     0  startup_stm32f407xx.o(.text)
    OTG_HS_EP1_IN_IRQHandler                 0x080001b7   Thumb Code     0  startup_stm32f407xx.o(.text)
    OTG_HS_EP1_OUT_IRQHandler                0x080001b7   Thumb Code     0  startup_stm32f407xx.o(.text)
    OTG_HS_IRQHandler                        0x080001b7   Thumb Code     0  startup_stm32f407xx.o(.text)
    OTG_HS_WKUP_IRQHandler                   0x080001b7   Thumb Code     0  startup_stm32f407xx.o(.text)
    PVD_IRQHandler                           0x080001b7   Thumb Code     0  startup_stm32f407xx.o(.text)
    RCC_IRQHandler                           0x080001b7   Thumb Code     0  startup_stm32f407xx.o(.text)
    RTC_Alarm_IRQHandler                     0x080001b7   Thumb Code     0  startup_stm32f407xx.o(.text)
    RTC_WKUP_IRQHandler                      0x080001b7   Thumb Code     0  startup_stm32f407xx.o(.text)
    SDIO_IRQHandler                          0x080001b7   Thumb Code     0  startup_stm32f407xx.o(.text)
    SPI1_IRQHandler                          0x080001b7   Thumb Code     0  startup_stm32f407xx.o(.text)
    SPI2_IRQHandler                          0x080001b7   Thumb Code     0  startup_stm32f407xx.o(.text)
    SPI3_IRQHandler                          0x080001b7   Thumb Code     0  startup_stm32f407xx.o(.text)
    TAMP_STAMP_IRQHandler                    0x080001b7   Thumb Code     0  startup_stm32f407xx.o(.text)
    TIM1_BRK_TIM9_IRQHandler                 0x080001b7   Thumb Code     0  startup_stm32f407xx.o(.text)
    TIM1_CC_IRQHandler                       0x080001b7   Thumb Code     0  startup_stm32f407xx.o(.text)
    TIM1_TRG_COM_TIM11_IRQHandler            0x080001b7   Thumb Code     0  startup_stm32f407xx.o(.text)
    TIM1_UP_TIM10_IRQHandler                 0x080001b7   Thumb Code     0  startup_stm32f407xx.o(.text)
    TIM2_IRQHandler                          0x080001b7   Thumb Code     0  startup_stm32f407xx.o(.text)
    TIM3_IRQHandler                          0x080001b7   Thumb Code     0  startup_stm32f407xx.o(.text)
    TIM5_IRQHandler                          0x080001b7   Thumb Code     0  startup_stm32f407xx.o(.text)
    TIM6_DAC_IRQHandler                      0x080001b7   Thumb Code     0  startup_stm32f407xx.o(.text)
    TIM7_IRQHandler                          0x080001b7   Thumb Code     0  startup_stm32f407xx.o(.text)
    TIM8_BRK_TIM12_IRQHandler                0x080001b7   Thumb Code     0  startup_stm32f407xx.o(.text)
    TIM8_CC_IRQHandler                       0x080001b7   Thumb Code     0  startup_stm32f407xx.o(.text)
    TIM8_TRG_COM_TIM14_IRQHandler            0x080001b7   Thumb Code     0  startup_stm32f407xx.o(.text)
    TIM8_UP_TIM13_IRQHandler                 0x080001b7   Thumb Code     0  startup_stm32f407xx.o(.text)
    UART4_IRQHandler                         0x080001b7   Thumb Code     0  startup_stm32f407xx.o(.text)
    UART5_IRQHandler                         0x080001b7   Thumb Code     0  startup_stm32f407xx.o(.text)
    USART2_IRQHandler                        0x080001b7   Thumb Code     0  startup_stm32f407xx.o(.text)
    USART3_IRQHandler                        0x080001b7   Thumb Code     0  startup_stm32f407xx.o(.text)
    USART6_IRQHandler                        0x080001b7   Thumb Code     0  startup_stm32f407xx.o(.text)
    WWDG_IRQHandler                          0x080001b7   Thumb Code     0  startup_stm32f407xx.o(.text)
    __aeabi_uldivmod                         0x080001c1   Thumb Code    98  uldiv.o(.text)
    __aeabi_memcpy                           0x08000223   Thumb Code    36  memcpya.o(.text)
    __aeabi_memcpy4                          0x08000223   Thumb Code     0  memcpya.o(.text)
    __aeabi_memcpy8                          0x08000223   Thumb Code     0  memcpya.o(.text)
    __aeabi_memset                           0x08000247   Thumb Code    14  memseta.o(.text)
    __aeabi_memset4                          0x08000247   Thumb Code     0  memseta.o(.text)
    __aeabi_memset8                          0x08000247   Thumb Code     0  memseta.o(.text)
    __aeabi_memclr                           0x08000255   Thumb Code     4  memseta.o(.text)
    __aeabi_memclr4                          0x08000255   Thumb Code     0  memseta.o(.text)
    __aeabi_memclr8                          0x08000255   Thumb Code     0  memseta.o(.text)
    _memset$wrapper                          0x08000259   Thumb Code    18  memseta.o(.text)
    memcmp                                   0x0800026b   Thumb Code    26  memcmp.o(.text)
    __aeabi_dadd                             0x08000285   Thumb Code   322  dadd.o(.text)
    __aeabi_dsub                             0x080003c7   Thumb Code     6  dadd.o(.text)
    __aeabi_drsub                            0x080003cd   Thumb Code     6  dadd.o(.text)
    __aeabi_dmul                             0x080003d3   Thumb Code   228  dmul.o(.text)
    __aeabi_ddiv                             0x080004b7   Thumb Code   222  ddiv.o(.text)
    __aeabi_ui2d                             0x08000595   Thumb Code    26  dfltui.o(.text)
    __aeabi_d2iz                             0x080005af   Thumb Code    62  dfixi.o(.text)
    __aeabi_d2uiz                            0x080005ed   Thumb Code    50  dfixui.o(.text)
    __aeabi_f2d                              0x0800061f   Thumb Code    38  f2d.o(.text)
    __aeabi_cdcmpeq                          0x08000645   Thumb Code     0  cdcmple.o(.text)
    __aeabi_cdcmple                          0x08000645   Thumb Code    48  cdcmple.o(.text)
    __aeabi_cdrcmple                         0x08000675   Thumb Code    48  cdrcmple.o(.text)
    __aeabi_d2f                              0x080006a5   Thumb Code    56  d2f.o(.text)
    __aeabi_uidiv                            0x080006dd   Thumb Code     0  uidiv.o(.text)
    __aeabi_uidivmod                         0x080006dd   Thumb Code    44  uidiv.o(.text)
    __aeabi_llsl                             0x08000709   Thumb Code    30  llshl.o(.text)
    _ll_shift_l                              0x08000709   Thumb Code     0  llshl.o(.text)
    __aeabi_llsr                             0x08000727   Thumb Code    32  llushr.o(.text)
    _ll_ushift_r                             0x08000727   Thumb Code     0  llushr.o(.text)
    __aeabi_lasr                             0x08000747   Thumb Code    36  llsshr.o(.text)
    _ll_sshift_r                             0x08000747   Thumb Code     0  llsshr.o(.text)
    __I$use$fp                               0x0800076b   Thumb Code     0  iusefp.o(.text)
    _float_round                             0x0800076b   Thumb Code    18  fepilogue.o(.text)
    _float_epilogue                          0x0800077d   Thumb Code    92  fepilogue.o(.text)
    _double_round                            0x080007d9   Thumb Code    30  depilogue.o(.text)
    _double_epilogue                         0x080007f7   Thumb Code   156  depilogue.o(.text)
    _dsqrt                                   0x08000893   Thumb Code   162  dsqrt.o(.text)
    _drnd                                    0x08000935   Thumb Code   132  drnd.o(.text)
    __aeabi_d2ulz                            0x080009bd   Thumb Code    48  dfixul.o(.text)
    _dfix_r                                  0x080009ed   Thumb Code   168  dfixir.o(.text)
    __scatterload                            0x08000a95   Thumb Code    28  init.o(.text)
    __scatterload_rt2                        0x08000a95   Thumb Code     0  init.o(.text)
    __aeabi_i2d                              0x08000ab9   Thumb Code    34  dflti.o(.text)
    Arm_motion_reset                         0x08000add   Thumb Code    82  arm_motion.o(i.Arm_motion_reset)
    BusFault_Handler                         0x08000b45   Thumb Code     2  stm32f4xx_it.o(i.BusFault_Handler)
    Coolant_GetState                         0x08000b49   Thumb Code    20  coolantcontrol.o(i.Coolant_GetState)
    Coolant_Init                             0x08000b61   Thumb Code    16  coolantcontrol.o(i.Coolant_Init)
    Coolant_SetState                         0x08000b71   Thumb Code    34  coolantcontrol.o(i.Coolant_SetState)
    Coolant_Stop                             0x08000b9d   Thumb Code    10  coolantcontrol.o(i.Coolant_Stop)
    Coolant_Sync                             0x08000bad   Thumb Code    28  coolantcontrol.o(i.Coolant_Sync)
    DebugMon_Handler                         0x08000bcd   Thumb Code     2  stm32f4xx_it.o(i.DebugMon_Handler)
    Delay_ms                                 0x08000bcf   Thumb Code    24  system32.o(i.Delay_ms)
    Delay_sec                                0x08000be9   Thumb Code    80  util.o(i.Delay_sec)
    Delay_us                                 0x08000c3d   Thumb Code    12  system32.o(i.Delay_us)
    EE_Erase                                 0x08000c49   Thumb Code    46  eeprom.o(i.EE_Erase)
    EE_Init                                  0x08000c7d   Thumb Code    12  eeprom.o(i.EE_Init)
    EE_Program                               0x08000c91   Thumb Code    58  eeprom.o(i.EE_Program)
    EE_ReadByte                              0x08000cd5   Thumb Code     6  eeprom.o(i.EE_ReadByte)
    EE_ReadByteArray                         0x08000ce1   Thumb Code    56  eeprom.o(i.EE_ReadByteArray)
    EE_WriteByte                             0x08000d1d   Thumb Code     6  eeprom.o(i.EE_WriteByte)
    EE_WriteByteArray                        0x08000d29   Thumb Code    46  eeprom.o(i.EE_WriteByteArray)
    FLASH_Erase_Sector                       0x08000d5d   Thumb Code    74  stm32f4xx_hal_flash_ex.o(i.FLASH_Erase_Sector)
    FLASH_FlushCaches                        0x08000dad   Thumb Code    80  stm32f4xx_hal_flash_ex.o(i.FLASH_FlushCaches)
    FLASH_WaitForLastOperation               0x08000f21   Thumb Code    72  stm32f4xx_hal_flash.o(i.FLASH_WaitForLastOperation)
    FifoUsart_Available                      0x08000f71   Thumb Code    22  fifo_usart.o(i.FifoUsart_Available)
    FifoUsart_Get                            0x08000f8d   Thumb Code   104  fifo_usart.o(i.FifoUsart_Get)
    FifoUsart_Init                           0x08000ffd   Thumb Code    24  fifo_usart.o(i.FifoUsart_Init)
    FifoUsart_Insert                         0x0800101d   Thumb Code   112  fifo_usart.o(i.FifoUsart_Insert)
    GC_ExecuteLine                           0x08001095   Thumb Code  3814  gcode.o(i.GC_ExecuteLine)
    GC_Init                                  0x08001f89   Thumb Code    38  gcode.o(i.GC_Init)
    GC_SyncPosition                          0x08001fb5   Thumb Code     8  gcode.o(i.GC_SyncPosition)
    GPIO_InitGPIO                            0x08001fc5   Thumb Code     2  hw_gpio.o(i.GPIO_InitGPIO)
    Getc                                     0x08002085   Thumb Code    22  print.o(i.Getc)
    Grbl_loop                                0x0800209d   Thumb Code    78  main.o(i.Grbl_loop)
    Grbl_setup                               0x080020f5   Thumb Code    48  main.o(i.Grbl_setup)
    HAL_DMA_Abort_IT                         0x0800212d   Thumb Code    36  stm32f4xx_hal_dma.o(i.HAL_DMA_Abort_IT)
    HAL_Delay                                0x08002151   Thumb Code    32  stm32f4xx_hal.o(i.HAL_Delay)
    HAL_FLASHEx_Erase                        0x08002175   Thumb Code   144  stm32f4xx_hal_flash_ex.o(i.HAL_FLASHEx_Erase)
    HAL_FLASH_Lock                           0x0800220d   Thumb Code    14  stm32f4xx_hal_flash.o(i.HAL_FLASH_Lock)
    HAL_FLASH_Program                        0x08002221   Thumb Code   116  stm32f4xx_hal_flash.o(i.HAL_FLASH_Program)
    HAL_FLASH_Unlock                         0x0800229d   Thumb Code    32  stm32f4xx_hal_flash.o(i.HAL_FLASH_Unlock)
    HAL_GPIO_Init                            0x080022c9   Thumb Code   388  stm32f4xx_hal_gpio.o(i.HAL_GPIO_Init)
    HAL_GPIO_ReadPin                         0x08002479   Thumb Code    10  stm32f4xx_hal_gpio.o(i.HAL_GPIO_ReadPin)
    HAL_GPIO_TogglePin                       0x08002483   Thumb Code     8  stm32f4xx_hal_gpio.o(i.HAL_GPIO_TogglePin)
    HAL_GPIO_WritePin                        0x0800248b   Thumb Code    10  stm32f4xx_hal_gpio.o(i.HAL_GPIO_WritePin)
    HAL_GetTick                              0x08002495   Thumb Code     6  stm32f4xx_hal.o(i.HAL_GetTick)
    HAL_I2C_Init                             0x080024a1   Thumb Code   254  stm32f4xx_hal_i2c.o(i.HAL_I2C_Init)
    HAL_I2C_MspInit                          0x080025a9   Thumb Code    64  i2c.o(i.HAL_I2C_MspInit)
    HAL_IncTick                              0x080025f5   Thumb Code    12  stm32f4xx_hal.o(i.HAL_IncTick)
    HAL_Init                                 0x08002605   Thumb Code    48  stm32f4xx_hal.o(i.HAL_Init)
    HAL_InitTick                             0x08002639   Thumb Code    54  stm32f4xx_hal.o(i.HAL_InitTick)
    HAL_MspInit                              0x08002679   Thumb Code   126  stm32f4xx_hal_msp.o(i.HAL_MspInit)
    HAL_NVIC_EnableIRQ                       0x080026fd   Thumb Code    22  stm32f4xx_hal_cortex.o(i.HAL_NVIC_EnableIRQ)
    HAL_NVIC_SetPriority                     0x08002715   Thumb Code    60  stm32f4xx_hal_cortex.o(i.HAL_NVIC_SetPriority)
    HAL_NVIC_SetPriorityGrouping             0x08002755   Thumb Code    26  stm32f4xx_hal_cortex.o(i.HAL_NVIC_SetPriorityGrouping)
    HAL_PCD_Init                             0x08002779   Thumb Code   190  stm32f4xx_hal_pcd.o(i.HAL_PCD_Init)
    HAL_PCD_MspInit                          0x08002839   Thumb Code    76  usb_otg.o(i.HAL_PCD_MspInit)
    HAL_RCC_ClockConfig                      0x0800288d   Thumb Code   286  stm32f4xx_hal_rcc.o(i.HAL_RCC_ClockConfig)
    HAL_RCC_GetHCLKFreq                      0x080029bd   Thumb Code     6  stm32f4xx_hal_rcc.o(i.HAL_RCC_GetHCLKFreq)
    HAL_RCC_GetPCLK1Freq                     0x080029c9   Thumb Code    20  stm32f4xx_hal_rcc.o(i.HAL_RCC_GetPCLK1Freq)
    HAL_RCC_GetPCLK2Freq                     0x080029e9   Thumb Code    20  stm32f4xx_hal_rcc.o(i.HAL_RCC_GetPCLK2Freq)
    HAL_RCC_GetSysClockFreq                  0x08002a09   Thumb Code    88  stm32f4xx_hal_rcc.o(i.HAL_RCC_GetSysClockFreq)
    HAL_RCC_OscConfig                        0x08002a69   Thumb Code   770  stm32f4xx_hal_rcc.o(i.HAL_RCC_OscConfig)
    HAL_SPI_Init                             0x08002d85   Thumb Code   128  stm32f4xx_hal_spi.o(i.HAL_SPI_Init)
    HAL_SPI_MspInit                          0x08002e05   Thumb Code    62  spi.o(i.HAL_SPI_MspInit)
    HAL_SYSTICK_CLKSourceConfig              0x08002e51   Thumb Code    24  stm32f4xx_hal_cortex.o(i.HAL_SYSTICK_CLKSourceConfig)
    HAL_SYSTICK_Callback                     0x08002e69   Thumb Code    88  global.o(i.HAL_SYSTICK_Callback)
    HAL_SYSTICK_Config                       0x08002ec9   Thumb Code    40  stm32f4xx_hal_cortex.o(i.HAL_SYSTICK_Config)
    HAL_SYSTICK_IRQHandler                   0x08002ef1   Thumb Code     8  stm32f4xx_hal_cortex.o(i.HAL_SYSTICK_IRQHandler)
    HAL_TIMEx_MasterConfigSynchronization    0x08002ef9   Thumb Code    80  stm32f4xx_hal_tim_ex.o(i.HAL_TIMEx_MasterConfigSynchronization)
    HAL_TIM_Base_Init                        0x08002f49   Thumb Code    54  stm32f4xx_hal_tim.o(i.HAL_TIM_Base_Init)
    HAL_TIM_Base_MspInit                     0x08002f81   Thumb Code    76  tim.o(i.HAL_TIM_Base_MspInit)
    HAL_TIM_ConfigClockSource                0x08002fd9   Thumb Code   242  stm32f4xx_hal_tim.o(i.HAL_TIM_ConfigClockSource)
    HAL_TIM_MspPostInit                      0x080030cd   Thumb Code    42  tim.o(i.HAL_TIM_MspPostInit)
    HAL_TIM_OC_ConfigChannel                 0x08003101   Thumb Code    86  stm32f4xx_hal_tim.o(i.HAL_TIM_OC_ConfigChannel)
    HAL_TIM_OC_Init                          0x08003157   Thumb Code    54  stm32f4xx_hal_tim.o(i.HAL_TIM_OC_Init)
    HAL_TIM_OC_MspInit                       0x0800318d   Thumb Code     2  stm32f4xx_hal_tim.o(i.HAL_TIM_OC_MspInit)
    HAL_TIM_OC_Start_IT                      0x08003191   Thumb Code    98  stm32f4xx_hal_tim.o(i.HAL_TIM_OC_Start_IT)
    HAL_TIM_PWM_ConfigChannel                0x080031fd   Thumb Code   208  stm32f4xx_hal_tim.o(i.HAL_TIM_PWM_ConfigChannel)
    HAL_TIM_PWM_Init                         0x080032cd   Thumb Code    54  stm32f4xx_hal_tim.o(i.HAL_TIM_PWM_Init)
    HAL_TIM_PWM_MspInit                      0x08003303   Thumb Code     2  stm32f4xx_hal_tim.o(i.HAL_TIM_PWM_MspInit)
    HAL_UART_ErrorCallback                   0x08003305   Thumb Code     2  stm32f4xx_hal_uart.o(i.HAL_UART_ErrorCallback)
    HAL_UART_IRQHandler                      0x08003309   Thumb Code   266  stm32f4xx_hal_uart.o(i.HAL_UART_IRQHandler)
    HAL_UART_Init                            0x08003419   Thumb Code    98  stm32f4xx_hal_uart.o(i.HAL_UART_Init)
    HAL_UART_MspInit                         0x0800347d   Thumb Code    78  usart.o(i.HAL_UART_MspInit)
    HAL_UART_Receive_IT                      0x080034d9   Thumb Code    72  stm32f4xx_hal_uart.o(i.HAL_UART_Receive_IT)
    HAL_UART_RxCpltCallback                  0x08003521   Thumb Code   202  global.o(i.HAL_UART_RxCpltCallback)
    HAL_UART_TxCpltCallback                  0x080035f9   Thumb Code     2  global.o(i.HAL_UART_TxCpltCallback)
    HardFault_Handler                        0x080035fb   Thumb Code     2  stm32f4xx_it.o(i.HardFault_Handler)
    Jog_Execute                              0x080035fd   Thumb Code    86  jog.o(i.Jog_Execute)
    Limit_PinChangeISR                       0x0800365d   Thumb Code    52  limits.o(i.Limit_PinChangeISR)
    Limits_Disable                           0x0800369d   Thumb Code    14  limits.o(i.Limits_Disable)
    Limits_GetState                          0x080036b1   Thumb Code    62  limits.o(i.Limits_GetState)
    Limits_GoHome                            0x080036f9   Thumb Code   652  limits.o(i.Limits_GoHome)
    Limits_Init                              0x080039a5   Thumb Code    38  limits.o(i.Limits_Init)
    Limits_SoftCheck                         0x080039d1   Thumb Code    64  limits.o(i.Limits_SoftCheck)
    MC_Arc                                   0x08003a15   Thumb Code   764  motioncontrol.o(i.MC_Arc)
    MC_Dwell                                 0x08003d41   Thumb Code    46  motioncontrol.o(i.MC_Dwell)
    MC_HomigCycle                            0x08003d75   Thumb Code    48  motioncontrol.o(i.MC_HomigCycle)
    MC_Line                                  0x08003da9   Thumb Code   104  motioncontrol.o(i.MC_Line)
    MC_ProbeCycle                            0x08003e19   Thumb Code   190  motioncontrol.o(i.MC_ProbeCycle)
    MC_Reset                                 0x08003ee9   Thumb Code    72  motioncontrol.o(i.MC_Reset)
    MX_GPIO_Init                             0x08003f3d   Thumb Code   356  gpio.o(i.MX_GPIO_Init)
    MX_I2C2_Init                             0x080040c1   Thumb Code    54  i2c.o(i.MX_I2C2_Init)
    MX_SPI3_Init                             0x08004115   Thumb Code    64  spi.o(i.MX_SPI3_Init)
    MX_TIM4_Init                             0x0800416d   Thumb Code   142  tim.o(i.MX_TIM4_Init)
    MX_TIM9_Init                             0x08004215   Thumb Code   118  tim.o(i.MX_TIM9_Init)
    MX_USART1_UART_Init                      0x080042a5   Thumb Code    52  usart.o(i.MX_USART1_UART_Init)
    MX_USB_OTG_FS_PCD_Init                   0x080042f1   Thumb Code    58  usb_otg.o(i.MX_USB_OTG_FS_PCD_Init)
    MemManage_Handler                        0x08004345   Thumb Code     2  stm32f4xx_it.o(i.MemManage_Handler)
    NMI_Handler                              0x08004347   Thumb Code     2  stm32f4xx_it.o(i.NMI_Handler)
    PendSV_Handler                           0x08004369   Thumb Code     2  stm32f4xx_it.o(i.PendSV_Handler)
    Planner_BufferLine                       0x0800436d   Thumb Code   728  planner.o(i.Planner_BufferLine)
    Planner_CheckBufferFull                  0x0800467d   Thumb Code    18  planner.o(i.Planner_CheckBufferFull)
    Planner_ComputeProfileNominalSpeed       0x08004695   Thumb Code   158  planner.o(i.Planner_ComputeProfileNominalSpeed)
    Planner_CycleReinitialize                0x08004771   Thumb Code    20  planner.o(i.Planner_CycleReinitialize)
    Planner_DiscardCurrentBlock              0x08004789   Thumb Code    30  planner.o(i.Planner_DiscardCurrentBlock)
    Planner_GetBlockBufferAvailable          0x080047ad   Thumb Code    26  planner.o(i.Planner_GetBlockBufferAvailable)
    Planner_GetCurrentBlock                  0x080047cd   Thumb Code    26  planner.o(i.Planner_GetCurrentBlock)
    Planner_GetExecBlockExitSpeedSqr         0x080047f1   Thumb Code    38  planner.o(i.Planner_GetExecBlockExitSpeedSqr)
    Planner_GetSystemMotionBlock             0x08004825   Thumb Code    16  planner.o(i.Planner_GetSystemMotionBlock)
    Planner_Init                             0x0800483d   Thumb Code     4  planner.o(i.Planner_Init)
    Planner_NextBlockIndex                   0x08004841   Thumb Code    12  planner.o(i.Planner_NextBlockIndex)
    Planner_Reset                            0x08004991   Thumb Code    18  planner.o(i.Planner_Reset)
    Planner_ResetBuffer                      0x080049a9   Thumb Code    16  planner.o(i.Planner_ResetBuffer)
    Planner_SyncPosition                     0x080049bd   Thumb Code    26  planner.o(i.Planner_SyncPosition)
    Planner_UpdateVelocityProfileParams      0x080049e1   Thumb Code    82  planner.o(i.Planner_UpdateVelocityProfileParams)
    PrintFloat                               0x08004a41   Thumb Code   156  print.o(i.PrintFloat)
    PrintFloat_CoordValue                    0x08004ae1   Thumb Code    54  print.o(i.PrintFloat_CoordValue)
    PrintFloat_RateValue                     0x08004b25   Thumb Code    50  print.o(i.PrintFloat_RateValue)
    Print_Init                               0x08004b65   Thumb Code    10  print.o(i.Print_Init)
    Printf_MSG                               0x08004b75   Thumb Code    56  print.o(i.Printf_MSG)
    Probe_ConfigureInvertMask                0x08004bad   Thumb Code    34  probe.o(i.Probe_ConfigureInvertMask)
    Probe_GetState                           0x08004bd9   Thumb Code    18  probe.o(i.Probe_GetState)
    Probe_Init                               0x08004bf5   Thumb Code    18  probe.o(i.Probe_Init)
    Probe_Reset                              0x08004c09   Thumb Code    12  probe.o(i.Probe_Reset)
    Probe_StateMonitor                       0x08004c19   Thumb Code    38  probe.o(i.Probe_StateMonitor)
    Protocol_AutoCycleStart                  0x08004c51   Thumb Code    22  protocol.o(i.Protocol_AutoCycleStart)
    Protocol_BufferSynchronize               0x08004c69   Thumb Code    34  protocol.o(i.Protocol_BufferSynchronize)
    Protocol_ExecRtSystem                    0x08004e55   Thumb Code   784  protocol.o(i.Protocol_ExecRtSystem)
    Protocol_ExecuteRealtime                 0x0800517d   Thumb Code    24  protocol.o(i.Protocol_ExecuteRealtime)
    Protocol_MainLoop                        0x08005199   Thumb Code   290  protocol.o(i.Protocol_MainLoop)
    Putc                                     0x080052d1   Thumb Code    16  print.o(i.Putc)
    ReadGlobalSettings                       0x080052e5   Thumb Code    34  settings.o(i.ReadGlobalSettings)
    Read_Float                               0x0800530d   Thumb Code   254  util.o(i.Read_Float)
    Report_AlarmMessage                      0x0800541d   Thumb Code    34  report.o(i.Report_AlarmMessage)
    Report_BuildInfo                         0x08005475   Thumb Code    74  report.o(i.Report_BuildInfo)
    Report_ExecuteStartupMessage             0x080054f1   Thumb Code    36  report.o(i.Report_ExecuteStartupMessage)
    Report_FeedbackMessage                   0x08005519   Thumb Code    84  report.o(i.Report_FeedbackMessage)
    Report_GCodeModes                        0x0800561d   Thumb Code   266  report.o(i.Report_GCodeModes)
    Report_GrblHelp                          0x08005751   Thumb Code     6  report.o(i.Report_GrblHelp)
    Report_GrblSettings                      0x0800575d   Thumb Code   356  report.o(i.Report_GrblSettings)
    Report_InitMessage                       0x080058c9   Thumb Code     6  report.o(i.Report_InitMessage)
    Report_NgcParams                         0x08005905   Thumb Code   126  report.o(i.Report_NgcParams)
    Report_ProbeParams                       0x080059a9   Thumb Code    44  report.o(i.Report_ProbeParams)
    Report_RealtimeStatus                    0x080059e9   Thumb Code   720  report.o(i.Report_RealtimeStatus)
    Report_StatusMessage                     0x08005d71   Thumb Code    38  report.o(i.Report_StatusMessage)
    SVC_Handler                              0x08005dad   Thumb Code     2  stm32f4xx_it.o(i.SVC_Handler)
    Settings_GetDirectionPinMask             0x08005daf   Thumb Code    18  settings.o(i.Settings_GetDirectionPinMask)
    Settings_GetStepPinMask                  0x08005dc1   Thumb Code    18  settings.o(i.Settings_GetStepPinMask)
    Settings_Init                            0x08005dd3   Thumb Code    36  settings.o(i.Settings_Init)
    Settings_ReadBuildInfo                   0x08005df7   Thumb Code    34  settings.o(i.Settings_ReadBuildInfo)
    Settings_ReadCoordData                   0x08005e19   Thumb Code    44  settings.o(i.Settings_ReadCoordData)
    Settings_Restore                         0x08005e45   Thumb Code   232  settings.o(i.Settings_Restore)
    Settings_StoreBuildInfo                  0x08005f55   Thumb Code    22  settings.o(i.Settings_StoreBuildInfo)
    Settings_StoreGlobalSetting              0x08005f6d   Thumb Code   510  settings.o(i.Settings_StoreGlobalSetting)
    Settings_WriteCoordData                  0x08006179   Thumb Code    38  settings.o(i.Settings_WriteCoordData)
    Spindle_ComputePwmValue                  0x080061a1   Thumb Code   196  spindlecontrol.o(i.Spindle_ComputePwmValue)
    Spindle_GetState                         0x08006285   Thumb Code    16  spindlecontrol.o(i.Spindle_GetState)
    Spindle_Init                             0x08006299   Thumb Code    48  spindlecontrol.o(i.Spindle_Init)
    Spindle_SetSpeed                         0x080062d5   Thumb Code    52  spindlecontrol.o(i.Spindle_SetSpeed)
    Spindle_SetState                         0x0800630d   Thumb Code    96  spindlecontrol.o(i.Spindle_SetState)
    Spindle_Stop                             0x0800637d   Thumb Code    18  spindlecontrol.o(i.Spindle_Stop)
    Spindle_Sync                             0x08006399   Thumb Code    48  spindlecontrol.o(i.Spindle_Sync)
    Spindle_Timer_init                       0x080063cd   Thumb Code     2  hw_tim.o(i.Spindle_Timer_init)
    Stepper_Disable                          0x080063d1   Thumb Code   128  stepper.o(i.Stepper_Disable)
    Stepper_GenerateStepDirInvertMasks       0x08006469   Thumb Code    76  stepper.o(i.Stepper_GenerateStepDirInvertMasks)
    Stepper_GetRealtimeRate                  0x080064bd   Thumb Code    24  stepper.o(i.Stepper_GetRealtimeRate)
    Stepper_Init                             0x080064e1   Thumb Code    16  stepper.o(i.Stepper_Init)
    Stepper_MainISR                          0x080064f1   Thumb Code   538  stepper.o(i.Stepper_MainISR)
    Stepper_PortResetISR                     0x08006739   Thumb Code    76  stepper.o(i.Stepper_PortResetISR)
    Stepper_PrepareBuffer                    0x0800678d   Thumb Code  2108  stepper.o(i.Stepper_PrepareBuffer)
    Stepper_Reset                            0x08006fd5   Thumb Code   120  stepper.o(i.Stepper_Reset)
    Stepper_Timer_init                       0x08007059   Thumb Code    52  hw_tim.o(i.Stepper_Timer_init)
    Stepper_UpdatePlannerBlockParams         0x08007091   Thumb Code    36  stepper.o(i.Stepper_UpdatePlannerBlockParams)
    Stepper_WakeUp                           0x080070bd   Thumb Code    46  stepper.o(i.Stepper_WakeUp)
    SysTick_Handler                          0x080070fd   Thumb Code    14  stm32f4xx_it.o(i.SysTick_Handler)
    SystemClock_Config                       0x0800710d   Thumb Code   150  main.o(i.SystemClock_Config)
    SystemInit                               0x080071ad   Thumb Code    66  system_stm32f4xx.o(i.SystemInit)
    System_CheckSafetyDoorAjar               0x08007201   Thumb Code    12  system.o(i.System_CheckSafetyDoorAjar)
    System_CheckTravelLimits                 0x0800720d   Thumb Code    56  system.o(i.System_CheckTravelLimits)
    System_Clear                             0x08007249   Thumb Code    22  system.o(i.System_Clear)
    System_ClearExecAccessoryOverrides       0x08007265   Thumb Code    18  system.o(i.System_ClearExecAccessoryOverrides)
    System_ClearExecAlarm                    0x0800727d   Thumb Code    18  system.o(i.System_ClearExecAlarm)
    System_ClearExecMotionOverride           0x08007295   Thumb Code    18  system.o(i.System_ClearExecMotionOverride)
    System_ClearExecStateFlag                0x080072ad   Thumb Code    20  system.o(i.System_ClearExecStateFlag)
    System_ConvertArraySteps2Mpos            0x080072c5   Thumb Code    34  system.o(i.System_ConvertArraySteps2Mpos)
    System_ConvertAxisSteps2Mpos             0x080072e9   Thumb Code    28  system.o(i.System_ConvertAxisSteps2Mpos)
    System_ExecuteLine                       0x08007309   Thumb Code   522  system.o(i.System_ExecuteLine)
    System_ExecuteStartup                    0x08007521   Thumb Code    20  system.o(i.System_ExecuteStartup)
    System_FlagWcoChange                     0x08007539   Thumb Code    14  system.o(i.System_FlagWcoChange)
    System_GetControlState                   0x0800754d   Thumb Code    94  system.o(i.System_GetControlState)
    System_Init                              0x080075b1   Thumb Code     6  system.o(i.System_Init)
    System_PinChangeISR                      0x080075b9   Thumb Code    62  system.o(i.System_PinChangeISR)
    System_ResetPosition                     0x080075fd   Thumb Code    12  system.o(i.System_ResetPosition)
    System_SetExecAccessoryOverrideFlag      0x0800760d   Thumb Code    20  system.o(i.System_SetExecAccessoryOverrideFlag)
    System_SetExecAlarm                      0x08007625   Thumb Code    16  system.o(i.System_SetExecAlarm)
    System_SetExecMotionOverrideFlag         0x08007639   Thumb Code    20  system.o(i.System_SetExecMotionOverrideFlag)
    System_SetExecStateFlag                  0x08007651   Thumb Code    20  system.o(i.System_SetExecStateFlag)
    TIM4_IRQHandler                          0x08007669   Thumb Code    66  global.o(i.TIM4_IRQHandler)
    TIM_Base_SetConfig                       0x080076b1   Thumb Code   148  stm32f4xx_hal_tim.o(i.TIM_Base_SetConfig)
    TIM_CCxChannelCmd                        0x08007771   Thumb Code    22  stm32f4xx_hal_tim.o(i.TIM_CCxChannelCmd)
    TIM_OC2_SetConfig                        0x08007805   Thumb Code    90  stm32f4xx_hal_tim.o(i.TIM_OC2_SetConfig)
    USART1_IRQHandler                        0x08007d29   Thumb Code     6  stm32f4xx_it.o(i.USART1_IRQHandler)
    USB_CoreInit                             0x08007d35   Thumb Code   104  stm32f4xx_ll_usb.o(i.USB_CoreInit)
    USB_DevDisconnect                        0x08007dd9   Thumb Code    24  stm32f4xx_ll_usb.o(i.USB_DevDisconnect)
    USB_DevInit                              0x08007df1   Thumb Code   302  stm32f4xx_ll_usb.o(i.USB_DevInit)
    USB_DisableGlobalInt                     0x08007f31   Thumb Code    12  stm32f4xx_ll_usb.o(i.USB_DisableGlobalInt)
    USB_FlushRxFifo                          0x08007f3d   Thumb Code    28  stm32f4xx_ll_usb.o(i.USB_FlushRxFifo)
    USB_FlushTxFifo                          0x08007f5d   Thumb Code    32  stm32f4xx_ll_usb.o(i.USB_FlushTxFifo)
    USB_SetCurrentMode                       0x08007f81   Thumb Code    44  stm32f4xx_ll_usb.o(i.USB_SetCurrentMode)
    UsageFault_Handler                       0x08007fad   Thumb Code     2  stm32f4xx_it.o(i.UsageFault_Handler)
    Usart_Init                               0x08007fb1   Thumb Code    34  hw_usart.o(i.Usart_Init)
    WriteGlobalSettings                      0x08007fd9   Thumb Code    28  settings.o(i.WriteGlobalSettings)
    _Error_Handler                           0x08007ff9   Thumb Code     2  main.o(i._Error_Handler)
    __0vsnprintf                             0x08007ffd   Thumb Code    40  printfa.o(i.__0vsnprintf)
    __1vsnprintf                             0x08007ffd   Thumb Code     0  printfa.o(i.__0vsnprintf)
    __2vsnprintf                             0x08007ffd   Thumb Code     0  printfa.o(i.__0vsnprintf)
    __c89vsnprintf                           0x08007ffd   Thumb Code     0  printfa.o(i.__0vsnprintf)
    vsnprintf                                0x08007ffd   Thumb Code     0  printfa.o(i.__0vsnprintf)
    __ARM_fpclassify                         0x08008029   Thumb Code    48  fpclassify.o(i.__ARM_fpclassify)
    __hardfp_acos                            0x08008059   Thumb Code   738  acos.o(i.__hardfp_acos)
    __hardfp_asin                            0x080083b1   Thumb Code   770  asin.o(i.__hardfp_asin)
    __hardfp_atan                            0x08008711   Thumb Code   622  atan.o(i.__hardfp_atan)
    __hardfp_atan2                           0x080089e9   Thumb Code   432  atan2.o(i.__hardfp_atan2)
    __hardfp_ceil                            0x08008bd9   Thumb Code   252  ceil.o(i.__hardfp_ceil)
    __hardfp_cos                             0x08008cf1   Thumb Code   180  cos.o(i.__hardfp_cos)
    __hardfp_fabs                            0x08008db9   Thumb Code    20  fabs.o(i.__hardfp_fabs)
    __hardfp_floor                           0x08008dd1   Thumb Code   252  floor.o(i.__hardfp_floor)
    __hardfp_lround                          0x08008ee9   Thumb Code   210  lround.o(i.__hardfp_lround)
    __hardfp_round                           0x08008fe9   Thumb Code   194  round.o(i.__hardfp_round)
    __hardfp_sin                             0x080090c9   Thumb Code   180  sin.o(i.__hardfp_sin)
    __hardfp_sqrt                            0x08009191   Thumb Code   122  sqrt.o(i.__hardfp_sqrt)
    __hardfp_trunc                           0x08009211   Thumb Code   154  trunc.o(i.__hardfp_trunc)
    __ieee754_rem_pio2                       0x080092c1   Thumb Code   938  rred.o(i.__ieee754_rem_pio2)
    __kernel_cos                             0x080096f9   Thumb Code   322  cos_i.o(i.__kernel_cos)
    __kernel_poly                            0x08009869   Thumb Code   248  poly.o(i.__kernel_poly)
    __kernel_sin                             0x08009961   Thumb Code   280  sin_i.o(i.__kernel_sin)
    __mathlib_dbl_infnan                     0x08009a91   Thumb Code    20  dunder.o(i.__mathlib_dbl_infnan)
    __mathlib_dbl_infnan2                    0x08009aa5   Thumb Code    20  dunder.o(i.__mathlib_dbl_infnan2)
    __mathlib_dbl_invalid                    0x08009ab9   Thumb Code    24  dunder.o(i.__mathlib_dbl_invalid)
    __mathlib_dbl_underflow                  0x08009ad9   Thumb Code    24  dunder.o(i.__mathlib_dbl_underflow)
    __scatterload_copy                       0x08009af9   Thumb Code    14  handlers.o(i.__scatterload_copy)
    __scatterload_null                       0x08009b07   Thumb Code     2  handlers.o(i.__scatterload_null)
    __scatterload_zeroinit                   0x08009b09   Thumb Code    14  handlers.o(i.__scatterload_zeroinit)
    __set_errno                              0x08009b19   Thumb Code     6  errno.o(i.__set_errno)
    atan                                     0x0800a3ed   Thumb Code    16  atan.o(i.atan)
    calculate_arm                            0x0800a3fd   Thumb Code   380  arm_motion.o(i.calculate_arm)
    calculate_forward                        0x0800a595   Thumb Code   340  arm_motion.o(i.calculate_forward)
    check_angle                              0x0800a709   Thumb Code    42  arm_motion.o(i.check_angle)
    convert_delta_vector_to_unit_vector      0x0800a735   Thumb Code   106  util.o(i.convert_delta_vector_to_unit_vector)
    fabs                                     0x0800a7a5   Thumb Code    24  fabs.o(i.fabs)
    hypot_f                                  0x0800a7bd   Thumb Code    40  util.o(i.hypot_f)
    limit_value_by_axis_maximum              0x0800a7e5   Thumb Code    88  util.o(i.limit_value_by_axis_maximum)
    main                                     0x0800a841   Thumb Code    62  main.o(i.main)
    return_angle                             0x0800a8d9   Thumb Code    60  arm_motion.o(i.return_angle)
    sqrt                                     0x0800a915   Thumb Code   110  sqrt.o(i.sqrt)
    AHBPrescTable                            0x0800a982   Data          16  system_stm32f4xx.o(.constdata)
    APBPrescTable                            0x0800a992   Data           8  system_stm32f4xx.o(.constdata)
    __mathlib_zero                           0x0800ab08   Data           8  qnan.o(.constdata)
    Region$$Table$$Base                      0x0800ac4c   Number         0  anon$$obj.o(Region$$Table)
    Region$$Table$$Limit                     0x0800ac6c   Number         0  anon$$obj.o(Region$$Table)
    sys_probe_state                          0x20000000   Data           1  main.o(.data)
    sys_rt_exec_state                        0x20000001   Data           1  main.o(.data)
    sys_rt_exec_alarm                        0x20000002   Data           1  main.o(.data)
    sys_rt_exec_motion_override              0x20000003   Data           1  main.o(.data)
    sys_rt_exec_accessory_override           0x20000004   Data           1  main.o(.data)
    uwTickFreq                               0x20000008   Data           1  stm32f4xx_hal.o(.data)
    uwTickPrio                               0x2000000c   Data           4  stm32f4xx_hal.o(.data)
    uwTick                                   0x20000010   Data           4  stm32f4xx_hal.o(.data)
    SystemCoreClock                          0x20000014   Data           4  system_stm32f4xx.o(.data)
    Uart_data_rsv                            0x20000041   Data           1  hw_usart.o(.data)
    ARM_init_script                          0x20000042   Data          22  arm_motion.o(.data)
    Arm_Motion_state                         0x20000058   Data           1  arm_motion.o(.data)
    DebounceCounterControl                   0x20000059   Data           1  global.o(.data)
    DebounceCounterLimits                    0x2000005a   Data           1  global.o(.data)
    sys                                      0x20000060   Data          20  main.o(.bss)
    sys_position                             0x20000074   Data          12  main.o(.bss)
    sys_probe_position                       0x20000080   Data          12  main.o(.bss)
    hi2c2                                    0x2000008c   Data          84  i2c.o(.bss)
    hspi3                                    0x200000e0   Data          88  spi.o(.bss)
    htim4                                    0x20000138   Data          60  tim.o(.bss)
    htim9                                    0x20000174   Data          60  tim.o(.bss)
    huart1                                   0x200001b0   Data          64  usart.o(.bss)
    hpcd_USB_OTG_FS                          0x200001f0   Data        1008  usb_otg.o(.bss)
    pFlash                                   0x200005e0   Data          32  stm32f4xx_hal_flash.o(.bss)
    gc_state                                 0x20000600   Data          68  gcode.o(.bss)
    gc_block                                 0x20000644   Data          64  gcode.o(.bss)
    settings                                 0x20001568   Data          92  settings.o(.bss)
    arm_position_init                        0x20002524   Data          16  arm_motion.o(.bss)
    __initial_sp                             0x20002938   Data           0  startup_stm32f407xx.o(STACK)



==============================================================================

Memory Map of the image

  Image Entry point : 0x08000189

  Load Region LR_IROM1 (Base: 0x08000000, Size: 0x0000accc, Max: 0x00100000, ABSOLUTE)

    Execution Region ER_IROM1 (Exec base: 0x08000000, Load base: 0x08000000, Size: 0x0000ac6c, Max: 0x00100000, ABSOLUTE)

    Exec Addr    Load Addr    Size         Type   Attr      Idx    E Section Name        Object

    0x08000000   0x08000000   0x00000188   Data   RO            3    RESET               startup_stm32f407xx.o
    0x08000188   0x08000188   0x00000000   Code   RO         5724  * .ARM.Collect$$$$00000000  mc_w.l(entry.o)
    0x08000188   0x08000188   0x00000004   Code   RO         5820    .ARM.Collect$$$$00000001  mc_w.l(entry2.o)
    0x0800018c   0x0800018c   0x00000004   Code   RO         5823    .ARM.Collect$$$$00000004  mc_w.l(entry5.o)
    0x08000190   0x08000190   0x00000000   Code   RO         5825    .ARM.Collect$$$$00000008  mc_w.l(entry7b.o)
    0x08000190   0x08000190   0x00000000   Code   RO         5827    .ARM.Collect$$$$0000000A  mc_w.l(entry8b.o)
    0x08000190   0x08000190   0x00000008   Code   RO         5828    .ARM.Collect$$$$0000000B  mc_w.l(entry9a.o)
    0x08000198   0x08000198   0x00000000   Code   RO         5830    .ARM.Collect$$$$0000000D  mc_w.l(entry10a.o)
    0x08000198   0x08000198   0x00000000   Code   RO         5832    .ARM.Collect$$$$0000000F  mc_w.l(entry11a.o)
    0x08000198   0x08000198   0x00000004   Code   RO         5821    .ARM.Collect$$$$00002712  mc_w.l(entry2.o)
    0x0800019c   0x0800019c   0x00000024   Code   RO            4    .text               startup_stm32f407xx.o
    0x080001c0   0x080001c0   0x00000062   Code   RO         5727    .text               mc_w.l(uldiv.o)
    0x08000222   0x08000222   0x00000024   Code   RO         5729    .text               mc_w.l(memcpya.o)
    0x08000246   0x08000246   0x00000024   Code   RO         5731    .text               mc_w.l(memseta.o)
    0x0800026a   0x0800026a   0x0000001a   Code   RO         5733    .text               mc_w.l(memcmp.o)
    0x08000284   0x08000284   0x0000014e   Code   RO         5765    .text               mf_w.l(dadd.o)
    0x080003d2   0x080003d2   0x000000e4   Code   RO         5767    .text               mf_w.l(dmul.o)
    0x080004b6   0x080004b6   0x000000de   Code   RO         5769    .text               mf_w.l(ddiv.o)
    0x08000594   0x08000594   0x0000001a   Code   RO         5773    .text               mf_w.l(dfltui.o)
    0x080005ae   0x080005ae   0x0000003e   Code   RO         5775    .text               mf_w.l(dfixi.o)
    0x080005ec   0x080005ec   0x00000032   Code   RO         5777    .text               mf_w.l(dfixui.o)
    0x0800061e   0x0800061e   0x00000026   Code   RO         5779    .text               mf_w.l(f2d.o)
    0x08000644   0x08000644   0x00000030   Code   RO         5781    .text               mf_w.l(cdcmple.o)
    0x08000674   0x08000674   0x00000030   Code   RO         5783    .text               mf_w.l(cdrcmple.o)
    0x080006a4   0x080006a4   0x00000038   Code   RO         5785    .text               mf_w.l(d2f.o)
    0x080006dc   0x080006dc   0x0000002c   Code   RO         5837    .text               mc_w.l(uidiv.o)
    0x08000708   0x08000708   0x0000001e   Code   RO         5839    .text               mc_w.l(llshl.o)
    0x08000726   0x08000726   0x00000020   Code   RO         5841    .text               mc_w.l(llushr.o)
    0x08000746   0x08000746   0x00000024   Code   RO         5843    .text               mc_w.l(llsshr.o)
    0x0800076a   0x0800076a   0x00000000   Code   RO         5852    .text               mc_w.l(iusefp.o)
    0x0800076a   0x0800076a   0x0000006e   Code   RO         5853    .text               mf_w.l(fepilogue.o)
    0x080007d8   0x080007d8   0x000000ba   Code   RO         5855    .text               mf_w.l(depilogue.o)
    0x08000892   0x08000892   0x000000a2   Code   RO         5857    .text               mf_w.l(dsqrt.o)
    0x08000934   0x08000934   0x00000088   Code   RO         5859    .text               mf_w.l(drnd.o)
    0x080009bc   0x080009bc   0x00000030   Code   RO         5861    .text               mf_w.l(dfixul.o)
    0x080009ec   0x080009ec   0x000000a8   Code   RO         5863    .text               mf_w.l(dfixir.o)
    0x08000a94   0x08000a94   0x00000024   Code   RO         5865    .text               mc_w.l(init.o)
    0x08000ab8   0x08000ab8   0x00000022   Code   RO         5869    .text               mf_w.l(dflti.o)
    0x08000ada   0x08000ada   0x00000002   PAD
    0x08000adc   0x08000adc   0x00000068   Code   RO         5504    i.Arm_motion_reset  arm_motion.o
    0x08000b44   0x08000b44   0x00000002   Code   RO          518    i.BusFault_Handler  stm32f4xx_it.o
    0x08000b46   0x08000b46   0x00000002   PAD
    0x08000b48   0x08000b48   0x00000018   Code   RO         4164    i.Coolant_GetState  coolantcontrol.o
    0x08000b60   0x08000b60   0x00000010   Code   RO         4165    i.Coolant_Init      coolantcontrol.o
    0x08000b70   0x08000b70   0x0000002c   Code   RO         4166    i.Coolant_SetState  coolantcontrol.o
    0x08000b9c   0x08000b9c   0x00000010   Code   RO         4167    i.Coolant_Stop      coolantcontrol.o
    0x08000bac   0x08000bac   0x00000020   Code   RO         4168    i.Coolant_Sync      coolantcontrol.o
    0x08000bcc   0x08000bcc   0x00000002   Code   RO          519    i.DebugMon_Handler  stm32f4xx_it.o
    0x08000bce   0x08000bce   0x00000018   Code   RO         5410    i.Delay_ms          system32.o
    0x08000be6   0x08000be6   0x00000002   PAD
    0x08000be8   0x08000be8   0x00000054   Code   RO         5128    i.Delay_sec         util.o
    0x08000c3c   0x08000c3c   0x0000000c   Code   RO         5411    i.Delay_us          system32.o
    0x08000c48   0x08000c48   0x00000034   Code   RO         5182    i.EE_Erase          eeprom.o
    0x08000c7c   0x08000c7c   0x00000014   Code   RO         5183    i.EE_Init           eeprom.o
    0x08000c90   0x08000c90   0x00000044   Code   RO         5184    i.EE_Program        eeprom.o
    0x08000cd4   0x08000cd4   0x0000000c   Code   RO         5185    i.EE_ReadByte       eeprom.o
    0x08000ce0   0x08000ce0   0x0000003c   Code   RO         5186    i.EE_ReadByteArray  eeprom.o
    0x08000d1c   0x08000d1c   0x0000000c   Code   RO         5187    i.EE_WriteByte      eeprom.o
    0x08000d28   0x08000d28   0x00000034   Code   RO         5188    i.EE_WriteByteArray  eeprom.o
    0x08000d5c   0x08000d5c   0x00000050   Code   RO         3355    i.FLASH_Erase_Sector  stm32f4xx_hal_flash_ex.o
    0x08000dac   0x08000dac   0x00000054   Code   RO         3356    i.FLASH_FlushCaches  stm32f4xx_hal_flash_ex.o
    0x08000e00   0x08000e00   0x00000028   Code   RO         3357    i.FLASH_MassErase   stm32f4xx_hal_flash_ex.o
    0x08000e28   0x08000e28   0x00000020   Code   RO         3237    i.FLASH_Program_Byte  stm32f4xx_hal_flash.o
    0x08000e48   0x08000e48   0x00000028   Code   RO         3238    i.FLASH_Program_DoubleWord  stm32f4xx_hal_flash.o
    0x08000e70   0x08000e70   0x00000024   Code   RO         3239    i.FLASH_Program_HalfWord  stm32f4xx_hal_flash.o
    0x08000e94   0x08000e94   0x00000024   Code   RO         3240    i.FLASH_Program_Word  stm32f4xx_hal_flash.o
    0x08000eb8   0x08000eb8   0x00000068   Code   RO         3241    i.FLASH_SetErrorCode  stm32f4xx_hal_flash.o
    0x08000f20   0x08000f20   0x00000050   Code   RO         3242    i.FLASH_WaitForLastOperation  stm32f4xx_hal_flash.o
    0x08000f70   0x08000f70   0x0000001c   Code   RO         5248    i.FifoUsart_Available  fifo_usart.o
    0x08000f8c   0x08000f8c   0x00000070   Code   RO         5249    i.FifoUsart_Get     fifo_usart.o
    0x08000ffc   0x08000ffc   0x00000020   Code   RO         5250    i.FifoUsart_Init    fifo_usart.o
    0x0800101c   0x0800101c   0x00000078   Code   RO         5251    i.FifoUsart_Insert  fifo_usart.o
    0x08001094   0x08001094   0x00000ef4   Code   RO         4216    i.GC_ExecuteLine    gcode.o
    0x08001f88   0x08001f88   0x0000002c   Code   RO         4217    i.GC_Init           gcode.o
    0x08001fb4   0x08001fb4   0x00000010   Code   RO         4218    i.GC_SyncPosition   gcode.o
    0x08001fc4   0x08001fc4   0x00000002   Code   RO         5293    i.GPIO_InitGPIO     hw_gpio.o
    0x08001fc6   0x08001fc6   0x00000002   PAD
    0x08001fc8   0x08001fc8   0x000000bc   Code   RO         5189    i.GetSector         eeprom.o
    0x08002084   0x08002084   0x00000016   Code   RO         5440    i.Getc              print.o
    0x0800209a   0x0800209a   0x00000002   PAD
    0x0800209c   0x0800209c   0x00000058   Code   RO           13    i.Grbl_loop         main.o
    0x080020f4   0x080020f4   0x00000038   Code   RO           14    i.Grbl_setup        main.o
    0x0800212c   0x0800212c   0x00000024   Code   RO         3544    i.HAL_DMA_Abort_IT  stm32f4xx_hal_dma.o
    0x08002150   0x08002150   0x00000024   Code   RO         3962    i.HAL_Delay         stm32f4xx_hal.o
    0x08002174   0x08002174   0x00000098   Code   RO         3358    i.HAL_FLASHEx_Erase  stm32f4xx_hal_flash_ex.o
    0x0800220c   0x0800220c   0x00000014   Code   RO         3246    i.HAL_FLASH_Lock    stm32f4xx_hal_flash.o
    0x08002220   0x08002220   0x0000007c   Code   RO         3251    i.HAL_FLASH_Program  stm32f4xx_hal_flash.o
    0x0800229c   0x0800229c   0x0000002c   Code   RO         3253    i.HAL_FLASH_Unlock  stm32f4xx_hal_flash.o
    0x080022c8   0x080022c8   0x000001b0   Code   RO         3436    i.HAL_GPIO_Init     stm32f4xx_hal_gpio.o
    0x08002478   0x08002478   0x0000000a   Code   RO         3438    i.HAL_GPIO_ReadPin  stm32f4xx_hal_gpio.o
    0x08002482   0x08002482   0x00000008   Code   RO         3439    i.HAL_GPIO_TogglePin  stm32f4xx_hal_gpio.o
    0x0800248a   0x0800248a   0x0000000a   Code   RO         3440    i.HAL_GPIO_WritePin  stm32f4xx_hal_gpio.o
    0x08002494   0x08002494   0x0000000c   Code   RO         3968    i.HAL_GetTick       stm32f4xx_hal.o
    0x080024a0   0x080024a0   0x00000108   Code   RO          635    i.HAL_I2C_Init      stm32f4xx_hal_i2c.o
    0x080025a8   0x080025a8   0x0000004c   Code   RO          297    i.HAL_I2C_MspInit   i2c.o
    0x080025f4   0x080025f4   0x00000010   Code   RO         3972    i.HAL_IncTick       stm32f4xx_hal.o
    0x08002604   0x08002604   0x00000034   Code   RO         3973    i.HAL_Init          stm32f4xx_hal.o
    0x08002638   0x08002638   0x00000040   Code   RO         3974    i.HAL_InitTick      stm32f4xx_hal.o
    0x08002678   0x08002678   0x00000084   Code   RO          600    i.HAL_MspInit       stm32f4xx_hal_msp.o
    0x080026fc   0x080026fc   0x00000016   Code   RO         3825    i.HAL_NVIC_EnableIRQ  stm32f4xx_hal_cortex.o
    0x08002712   0x08002712   0x00000002   PAD
    0x08002714   0x08002714   0x00000040   Code   RO         3831    i.HAL_NVIC_SetPriority  stm32f4xx_hal_cortex.o
    0x08002754   0x08002754   0x00000024   Code   RO         3832    i.HAL_NVIC_SetPriorityGrouping  stm32f4xx_hal_cortex.o
    0x08002778   0x08002778   0x000000be   Code   RO         2574    i.HAL_PCD_Init      stm32f4xx_hal_pcd.o
    0x08002836   0x08002836   0x00000002   PAD
    0x08002838   0x08002838   0x00000054   Code   RO          477    i.HAL_PCD_MspInit   usb_otg.o
    0x0800288c   0x0800288c   0x00000130   Code   RO         3082    i.HAL_RCC_ClockConfig  stm32f4xx_hal_rcc.o
    0x080029bc   0x080029bc   0x0000000c   Code   RO         3087    i.HAL_RCC_GetHCLKFreq  stm32f4xx_hal_rcc.o
    0x080029c8   0x080029c8   0x00000020   Code   RO         3089    i.HAL_RCC_GetPCLK1Freq  stm32f4xx_hal_rcc.o
    0x080029e8   0x080029e8   0x00000020   Code   RO         3090    i.HAL_RCC_GetPCLK2Freq  stm32f4xx_hal_rcc.o
    0x08002a08   0x08002a08   0x00000060   Code   RO         3091    i.HAL_RCC_GetSysClockFreq  stm32f4xx_hal_rcc.o
    0x08002a68   0x08002a68   0x0000031c   Code   RO         3094    i.HAL_RCC_OscConfig  stm32f4xx_hal_rcc.o
    0x08002d84   0x08002d84   0x00000080   Code   RO         1051    i.HAL_SPI_Init      stm32f4xx_hal_spi.o
    0x08002e04   0x08002e04   0x0000004c   Code   RO          339    i.HAL_SPI_MspInit   spi.o
    0x08002e50   0x08002e50   0x00000018   Code   RO         3834    i.HAL_SYSTICK_CLKSourceConfig  stm32f4xx_hal_cortex.o
    0x08002e68   0x08002e68   0x00000060   Code   RO         5554    i.HAL_SYSTICK_Callback  global.o
    0x08002ec8   0x08002ec8   0x00000028   Code   RO         3836    i.HAL_SYSTICK_Config  stm32f4xx_hal_cortex.o
    0x08002ef0   0x08002ef0   0x00000008   Code   RO         3837    i.HAL_SYSTICK_IRQHandler  stm32f4xx_hal_cortex.o
    0x08002ef8   0x08002ef8   0x00000050   Code   RO         2005    i.HAL_TIMEx_MasterConfigSynchronization  stm32f4xx_hal_tim_ex.o
    0x08002f48   0x08002f48   0x00000036   Code   RO         1359    i.HAL_TIM_Base_Init  stm32f4xx_hal_tim.o
    0x08002f7e   0x08002f7e   0x00000002   PAD
    0x08002f80   0x08002f80   0x00000058   Code   RO          381    i.HAL_TIM_Base_MspInit  tim.o
    0x08002fd8   0x08002fd8   0x000000f2   Code   RO         1368    i.HAL_TIM_ConfigClockSource  stm32f4xx_hal_tim.o
    0x080030ca   0x080030ca   0x00000002   PAD
    0x080030cc   0x080030cc   0x00000034   Code   RO          382    i.HAL_TIM_MspPostInit  tim.o
    0x08003100   0x08003100   0x00000056   Code   RO         1402    i.HAL_TIM_OC_ConfigChannel  stm32f4xx_hal_tim.o
    0x08003156   0x08003156   0x00000036   Code   RO         1406    i.HAL_TIM_OC_Init   stm32f4xx_hal_tim.o
    0x0800318c   0x0800318c   0x00000002   Code   RO         1408    i.HAL_TIM_OC_MspInit  stm32f4xx_hal_tim.o
    0x0800318e   0x0800318e   0x00000002   PAD
    0x08003190   0x08003190   0x0000006c   Code   RO         1411    i.HAL_TIM_OC_Start_IT  stm32f4xx_hal_tim.o
    0x080031fc   0x080031fc   0x000000d0   Code   RO         1425    i.HAL_TIM_PWM_ConfigChannel  stm32f4xx_hal_tim.o
    0x080032cc   0x080032cc   0x00000036   Code   RO         1428    i.HAL_TIM_PWM_Init  stm32f4xx_hal_tim.o
    0x08003302   0x08003302   0x00000002   Code   RO         1430    i.HAL_TIM_PWM_MspInit  stm32f4xx_hal_tim.o
    0x08003304   0x08003304   0x00000002   Code   RO         2248    i.HAL_UART_ErrorCallback  stm32f4xx_hal_uart.o
    0x08003306   0x08003306   0x00000002   PAD
    0x08003308   0x08003308   0x00000110   Code   RO         2251    i.HAL_UART_IRQHandler  stm32f4xx_hal_uart.o
    0x08003418   0x08003418   0x00000062   Code   RO         2252    i.HAL_UART_Init     stm32f4xx_hal_uart.o
    0x0800347a   0x0800347a   0x00000002   PAD
    0x0800347c   0x0800347c   0x0000005c   Code   RO          435    i.HAL_UART_MspInit  usart.o
    0x080034d8   0x080034d8   0x00000048   Code   RO         2257    i.HAL_UART_Receive_IT  stm32f4xx_hal_uart.o
    0x08003520   0x08003520   0x000000d8   Code   RO         5555    i.HAL_UART_RxCpltCallback  global.o
    0x080035f8   0x080035f8   0x00000002   Code   RO         5556    i.HAL_UART_TxCpltCallback  global.o
    0x080035fa   0x080035fa   0x00000002   Code   RO          520    i.HardFault_Handler  stm32f4xx_it.o
    0x080035fc   0x080035fc   0x00000060   Code   RO         4249    i.Jog_Execute       jog.o
    0x0800365c   0x0800365c   0x00000040   Code   RO         4264    i.Limit_PinChangeISR  limits.o
    0x0800369c   0x0800369c   0x00000014   Code   RO         4265    i.Limits_Disable    limits.o
    0x080036b0   0x080036b0   0x00000048   Code   RO         4266    i.Limits_GetState   limits.o
    0x080036f8   0x080036f8   0x000002ac   Code   RO         4267    i.Limits_GoHome     limits.o
    0x080039a4   0x080039a4   0x0000002c   Code   RO         4268    i.Limits_Init       limits.o
    0x080039d0   0x080039d0   0x00000044   Code   RO         4269    i.Limits_SoftCheck  limits.o
    0x08003a14   0x08003a14   0x0000032c   Code   RO         4322    i.MC_Arc            motioncontrol.o
    0x08003d40   0x08003d40   0x00000034   Code   RO         4323    i.MC_Dwell          motioncontrol.o
    0x08003d74   0x08003d74   0x00000034   Code   RO         4324    i.MC_HomigCycle     motioncontrol.o
    0x08003da8   0x08003da8   0x00000070   Code   RO         4325    i.MC_Line           motioncontrol.o
    0x08003e18   0x08003e18   0x000000d0   Code   RO         4326    i.MC_ProbeCycle     motioncontrol.o
    0x08003ee8   0x08003ee8   0x00000054   Code   RO         4327    i.MC_Reset          motioncontrol.o
    0x08003f3c   0x08003f3c   0x00000184   Code   RO          272    i.MX_GPIO_Init      gpio.o
    0x080040c0   0x080040c0   0x00000054   Code   RO          298    i.MX_I2C2_Init      i2c.o
    0x08004114   0x08004114   0x00000058   Code   RO          340    i.MX_SPI3_Init      spi.o
    0x0800416c   0x0800416c   0x000000a8   Code   RO          383    i.MX_TIM4_Init      tim.o
    0x08004214   0x08004214   0x00000090   Code   RO          384    i.MX_TIM9_Init      tim.o
    0x080042a4   0x080042a4   0x0000004c   Code   RO          436    i.MX_USART1_UART_Init  usart.o
    0x080042f0   0x080042f0   0x00000054   Code   RO          478    i.MX_USB_OTG_FS_PCD_Init  usb_otg.o
    0x08004344   0x08004344   0x00000002   Code   RO          521    i.MemManage_Handler  stm32f4xx_it.o
    0x08004346   0x08004346   0x00000002   Code   RO          522    i.NMI_Handler       stm32f4xx_it.o
    0x08004348   0x08004348   0x00000020   Code   RO         3838    i.NVIC_SetPriority  stm32f4xx_hal_cortex.o
    0x08004368   0x08004368   0x00000002   Code   RO          523    i.PendSV_Handler    stm32f4xx_it.o
    0x0800436a   0x0800436a   0x00000002   PAD
    0x0800436c   0x0800436c   0x00000310   Code   RO         4364    i.Planner_BufferLine  planner.o
    0x0800467c   0x0800467c   0x00000018   Code   RO         4365    i.Planner_CheckBufferFull  planner.o
    0x08004694   0x08004694   0x000000ac   Code   RO         4366    i.Planner_ComputeProfileNominalSpeed  planner.o
    0x08004740   0x08004740   0x00000030   Code   RO         4367    i.Planner_ComputeProfileParams  planner.o
    0x08004770   0x08004770   0x00000018   Code   RO         4368    i.Planner_CycleReinitialize  planner.o
    0x08004788   0x08004788   0x00000024   Code   RO         4369    i.Planner_DiscardCurrentBlock  planner.o
    0x080047ac   0x080047ac   0x00000020   Code   RO         4370    i.Planner_GetBlockBufferAvailable  planner.o
    0x080047cc   0x080047cc   0x00000024   Code   RO         4372    i.Planner_GetCurrentBlock  planner.o
    0x080047f0   0x080047f0   0x00000034   Code   RO         4373    i.Planner_GetExecBlockExitSpeedSqr  planner.o
    0x08004824   0x08004824   0x00000018   Code   RO         4374    i.Planner_GetSystemMotionBlock  planner.o
    0x0800483c   0x0800483c   0x00000004   Code   RO         4375    i.Planner_Init      planner.o
    0x08004840   0x08004840   0x0000000c   Code   RO         4376    i.Planner_NextBlockIndex  planner.o
    0x0800484c   0x0800484c   0x0000000a   Code   RO         4377    i.Planner_PrevBlockIndex  planner.o
    0x08004856   0x08004856   0x00000002   PAD
    0x08004858   0x08004858   0x00000138   Code   RO         4378    i.Planner_Recalculate  planner.o
    0x08004990   0x08004990   0x00000018   Code   RO         4379    i.Planner_Reset     planner.o
    0x080049a8   0x080049a8   0x00000014   Code   RO         4380    i.Planner_ResetBuffer  planner.o
    0x080049bc   0x080049bc   0x00000024   Code   RO         4381    i.Planner_SyncPosition  planner.o
    0x080049e0   0x080049e0   0x00000060   Code   RO         4382    i.Planner_UpdateVelocityProfileParams  planner.o
    0x08004a40   0x08004a40   0x000000a0   Code   RO         5441    i.PrintFloat        print.o
    0x08004ae0   0x08004ae0   0x00000044   Code   RO         5442    i.PrintFloat_CoordValue  print.o
    0x08004b24   0x08004b24   0x00000040   Code   RO         5443    i.PrintFloat_RateValue  print.o
    0x08004b64   0x08004b64   0x00000010   Code   RO         5444    i.Print_Init        print.o
    0x08004b74   0x08004b74   0x00000038   Code   RO         5445    i.Printf_MSG        print.o
    0x08004bac   0x08004bac   0x0000002c   Code   RO         4491    i.Probe_ConfigureInvertMask  probe.o
    0x08004bd8   0x08004bd8   0x0000001c   Code   RO         4492    i.Probe_GetState    probe.o
    0x08004bf4   0x08004bf4   0x00000012   Code   RO         4493    i.Probe_Init        probe.o
    0x08004c06   0x08004c06   0x00000002   PAD
    0x08004c08   0x08004c08   0x00000010   Code   RO         4494    i.Probe_Reset       probe.o
    0x08004c18   0x08004c18   0x00000038   Code   RO         4495    i.Probe_StateMonitor  probe.o
    0x08004c50   0x08004c50   0x00000016   Code   RO         4541    i.Protocol_AutoCycleStart  protocol.o
    0x08004c66   0x08004c66   0x00000002   PAD
    0x08004c68   0x08004c68   0x00000028   Code   RO         4542    i.Protocol_BufferSynchronize  protocol.o
    0x08004c90   0x08004c90   0x000001c4   Code   RO         4543    i.Protocol_ExecRtSuspend  protocol.o
    0x08004e54   0x08004e54   0x00000328   Code   RO         4544    i.Protocol_ExecRtSystem  protocol.o
    0x0800517c   0x0800517c   0x0000001c   Code   RO         4545    i.Protocol_ExecuteRealtime  protocol.o
    0x08005198   0x08005198   0x00000138   Code   RO         4546    i.Protocol_MainLoop  protocol.o
    0x080052d0   0x080052d0   0x00000014   Code   RO         5446    i.Putc              print.o
    0x080052e4   0x080052e4   0x00000028   Code   RO         4734    i.ReadGlobalSettings  settings.o
    0x0800530c   0x0800530c   0x00000110   Code   RO         5129    i.Read_Float        util.o
    0x0800541c   0x0800541c   0x00000030   Code   RO         4595    i.Report_AlarmMessage  report.o
    0x0800544c   0x0800544c   0x00000028   Code   RO         4596    i.Report_AxisValue  report.o
    0x08005474   0x08005474   0x0000007c   Code   RO         4597    i.Report_BuildInfo  report.o
    0x080054f0   0x080054f0   0x00000028   Code   RO         4599    i.Report_ExecuteStartupMessage  report.o
    0x08005518   0x08005518   0x00000104   Code   RO         4600    i.Report_FeedbackMessage  report.o
    0x0800561c   0x0800561c   0x00000134   Code   RO         4601    i.Report_GCodeModes  report.o
    0x08005750   0x08005750   0x0000000c   Code   RO         4602    i.Report_GrblHelp   report.o
    0x0800575c   0x0800575c   0x0000016c   Code   RO         4603    i.Report_GrblSettings  report.o
    0x080058c8   0x080058c8   0x00000028   Code   RO         4604    i.Report_InitMessage  report.o
    0x080058f0   0x080058f0   0x00000012   Code   RO         4605    i.Report_LineFeed   report.o
    0x08005902   0x08005902   0x00000002   PAD
    0x08005904   0x08005904   0x000000a4   Code   RO         4606    i.Report_NgcParams  report.o
    0x080059a8   0x080059a8   0x00000040   Code   RO         4607    i.Report_ProbeParams  report.o
    0x080059e8   0x080059e8   0x00000368   Code   RO         4608    i.Report_RealtimeStatus  report.o
    0x08005d50   0x08005d50   0x00000020   Code   RO         4609    i.Report_SettingPrefix  report.o
    0x08005d70   0x08005d70   0x0000003c   Code   RO         4611    i.Report_StatusMessage  report.o
    0x08005dac   0x08005dac   0x00000002   Code   RO          524    i.SVC_Handler       stm32f4xx_it.o
    0x08005dae   0x08005dae   0x00000012   Code   RO         4735    i.Settings_GetDirectionPinMask  settings.o
    0x08005dc0   0x08005dc0   0x00000012   Code   RO         4737    i.Settings_GetStepPinMask  settings.o
    0x08005dd2   0x08005dd2   0x00000024   Code   RO         4738    i.Settings_Init     settings.o
    0x08005df6   0x08005df6   0x00000022   Code   RO         4739    i.Settings_ReadBuildInfo  settings.o
    0x08005e18   0x08005e18   0x0000002c   Code   RO         4740    i.Settings_ReadCoordData  settings.o
    0x08005e44   0x08005e44   0x00000110   Code   RO         4742    i.Settings_Restore  settings.o
    0x08005f54   0x08005f54   0x00000016   Code   RO         4743    i.Settings_StoreBuildInfo  settings.o
    0x08005f6a   0x08005f6a   0x00000002   PAD
    0x08005f6c   0x08005f6c   0x0000020c   Code   RO         4744    i.Settings_StoreGlobalSetting  settings.o
    0x08006178   0x08006178   0x00000026   Code   RO         4746    i.Settings_WriteCoordData  settings.o
    0x0800619e   0x0800619e   0x00000002   PAD
    0x080061a0   0x080061a0   0x000000e4   Code   RO         4844    i.Spindle_ComputePwmValue  spindlecontrol.o
    0x08006284   0x08006284   0x00000014   Code   RO         4845    i.Spindle_GetState  spindlecontrol.o
    0x08006298   0x08006298   0x0000003c   Code   RO         4846    i.Spindle_Init      spindlecontrol.o
    0x080062d4   0x080062d4   0x00000038   Code   RO         4847    i.Spindle_SetSpeed  spindlecontrol.o
    0x0800630c   0x0800630c   0x00000070   Code   RO         4848    i.Spindle_SetState  spindlecontrol.o
    0x0800637c   0x0800637c   0x0000001c   Code   RO         4849    i.Spindle_Stop      spindlecontrol.o
    0x08006398   0x08006398   0x00000034   Code   RO         4850    i.Spindle_Sync      spindlecontrol.o
    0x080063cc   0x080063cc   0x00000002   Code   RO         5317    i.Spindle_Timer_init  hw_tim.o
    0x080063ce   0x080063ce   0x00000002   PAD
    0x080063d0   0x080063d0   0x00000098   Code   RO         4909    i.Stepper_Disable   stepper.o
    0x08006468   0x08006468   0x00000054   Code   RO         4910    i.Stepper_GenerateStepDirInvertMasks  stepper.o
    0x080064bc   0x080064bc   0x00000024   Code   RO         4911    i.Stepper_GetRealtimeRate  stepper.o
    0x080064e0   0x080064e0   0x00000010   Code   RO         4912    i.Stepper_Init      stepper.o
    0x080064f0   0x080064f0   0x00000248   Code   RO         4913    i.Stepper_MainISR   stepper.o
    0x08006738   0x08006738   0x00000054   Code   RO         4914    i.Stepper_PortResetISR  stepper.o
    0x0800678c   0x0800678c   0x00000848   Code   RO         4915    i.Stepper_PrepareBuffer  stepper.o
    0x08006fd4   0x08006fd4   0x00000084   Code   RO         4916    i.Stepper_Reset     stepper.o
    0x08007058   0x08007058   0x00000038   Code   RO         5318    i.Stepper_Timer_init  hw_tim.o
    0x08007090   0x08007090   0x0000002c   Code   RO         4917    i.Stepper_UpdatePlannerBlockParams  stepper.o
    0x080070bc   0x080070bc   0x00000040   Code   RO         4918    i.Stepper_WakeUp    stepper.o
    0x080070fc   0x080070fc   0x0000000e   Code   RO          525    i.SysTick_Handler   stm32f4xx_it.o
    0x0800710a   0x0800710a   0x00000002   PAD
    0x0800710c   0x0800710c   0x000000a0   Code   RO           15    i.SystemClock_Config  main.o
    0x080071ac   0x080071ac   0x00000054   Code   RO         4127    i.SystemInit        system_stm32f4xx.o
    0x08007200   0x08007200   0x0000000c   Code   RO         4990    i.System_CheckSafetyDoorAjar  system.o
    0x0800720c   0x0800720c   0x0000003c   Code   RO         4991    i.System_CheckTravelLimits  system.o
    0x08007248   0x08007248   0x0000001c   Code   RO         4992    i.System_Clear      system.o
    0x08007264   0x08007264   0x00000018   Code   RO         4993    i.System_ClearExecAccessoryOverrides  system.o
    0x0800727c   0x0800727c   0x00000018   Code   RO         4994    i.System_ClearExecAlarm  system.o
    0x08007294   0x08007294   0x00000018   Code   RO         4995    i.System_ClearExecMotionOverride  system.o
    0x080072ac   0x080072ac   0x00000018   Code   RO         4996    i.System_ClearExecStateFlag  system.o
    0x080072c4   0x080072c4   0x00000022   Code   RO         4997    i.System_ConvertArraySteps2Mpos  system.o
    0x080072e6   0x080072e6   0x00000002   PAD
    0x080072e8   0x080072e8   0x00000020   Code   RO         4998    i.System_ConvertAxisSteps2Mpos  system.o
    0x08007308   0x08007308   0x00000218   Code   RO         4999    i.System_ExecuteLine  system.o
    0x08007520   0x08007520   0x00000018   Code   RO         5000    i.System_ExecuteStartup  system.o
    0x08007538   0x08007538   0x00000014   Code   RO         5001    i.System_FlagWcoChange  system.o
    0x0800754c   0x0800754c   0x00000064   Code   RO         5002    i.System_GetControlState  system.o
    0x080075b0   0x080075b0   0x00000006   Code   RO         5003    i.System_Init       system.o
    0x080075b6   0x080075b6   0x00000002   PAD
    0x080075b8   0x080075b8   0x00000044   Code   RO         5004    i.System_PinChangeISR  system.o
    0x080075fc   0x080075fc   0x00000010   Code   RO         5005    i.System_ResetPosition  system.o
    0x0800760c   0x0800760c   0x00000018   Code   RO         5006    i.System_SetExecAccessoryOverrideFlag  system.o
    0x08007624   0x08007624   0x00000014   Code   RO         5007    i.System_SetExecAlarm  system.o
    0x08007638   0x08007638   0x00000018   Code   RO         5008    i.System_SetExecMotionOverrideFlag  system.o
    0x08007650   0x08007650   0x00000018   Code   RO         5009    i.System_SetExecStateFlag  system.o
    0x08007668   0x08007668   0x00000048   Code   RO         5557    i.TIM4_IRQHandler   global.o
    0x080076b0   0x080076b0   0x000000c0   Code   RO         1443    i.TIM_Base_SetConfig  stm32f4xx_hal_tim.o
    0x08007770   0x08007770   0x00000016   Code   RO         1444    i.TIM_CCxChannelCmd  stm32f4xx_hal_tim.o
    0x08007786   0x08007786   0x00000014   Code   RO         1450    i.TIM_ETR_SetConfig  stm32f4xx_hal_tim.o
    0x0800779a   0x0800779a   0x00000010   Code   RO         1451    i.TIM_ITRx_SetConfig  stm32f4xx_hal_tim.o
    0x080077aa   0x080077aa   0x00000002   PAD
    0x080077ac   0x080077ac   0x00000058   Code   RO         1452    i.TIM_OC1_SetConfig  stm32f4xx_hal_tim.o
    0x08007804   0x08007804   0x00000064   Code   RO         1453    i.TIM_OC2_SetConfig  stm32f4xx_hal_tim.o
    0x08007868   0x08007868   0x00000060   Code   RO         1454    i.TIM_OC3_SetConfig  stm32f4xx_hal_tim.o
    0x080078c8   0x080078c8   0x00000050   Code   RO         1455    i.TIM_OC4_SetConfig  stm32f4xx_hal_tim.o
    0x08007918   0x08007918   0x00000022   Code   RO         1457    i.TIM_TI1_ConfigInputStage  stm32f4xx_hal_tim.o
    0x0800793a   0x0800793a   0x00000024   Code   RO         1459    i.TIM_TI2_ConfigInputStage  stm32f4xx_hal_tim.o
    0x0800795e   0x0800795e   0x00000010   Code   RO         2265    i.UART_DMAAbortOnError  stm32f4xx_hal_uart.o
    0x0800796e   0x0800796e   0x0000001c   Code   RO         2275    i.UART_EndRxTransfer  stm32f4xx_hal_uart.o
    0x0800798a   0x0800798a   0x0000008c   Code   RO         2277    i.UART_Receive_IT   stm32f4xx_hal_uart.o
    0x08007a16   0x08007a16   0x00000002   PAD
    0x08007a18   0x08007a18   0x000002ac   Code   RO         2278    i.UART_SetConfig    stm32f4xx_hal_uart.o
    0x08007cc4   0x08007cc4   0x00000062   Code   RO         2279    i.UART_Transmit_IT  stm32f4xx_hal_uart.o
    0x08007d26   0x08007d26   0x00000002   PAD
    0x08007d28   0x08007d28   0x0000000c   Code   RO          526    i.USART1_IRQHandler  stm32f4xx_it.o
    0x08007d34   0x08007d34   0x0000006c   Code   RO         2802    i.USB_CoreInit      stm32f4xx_ll_usb.o
    0x08007da0   0x08007da0   0x00000038   Code   RO         2803    i.USB_CoreReset     stm32f4xx_ll_usb.o
    0x08007dd8   0x08007dd8   0x00000018   Code   RO         2807    i.USB_DevDisconnect  stm32f4xx_ll_usb.o
    0x08007df0   0x08007df0   0x00000140   Code   RO         2808    i.USB_DevInit       stm32f4xx_ll_usb.o
    0x08007f30   0x08007f30   0x0000000c   Code   RO         2809    i.USB_DisableGlobalInt  stm32f4xx_ll_usb.o
    0x08007f3c   0x08007f3c   0x00000020   Code   RO         2818    i.USB_FlushRxFifo   stm32f4xx_ll_usb.o
    0x08007f5c   0x08007f5c   0x00000024   Code   RO         2819    i.USB_FlushTxFifo   stm32f4xx_ll_usb.o
    0x08007f80   0x08007f80   0x0000002c   Code   RO         2837    i.USB_SetCurrentMode  stm32f4xx_ll_usb.o
    0x08007fac   0x08007fac   0x00000002   Code   RO          527    i.UsageFault_Handler  stm32f4xx_it.o
    0x08007fae   0x08007fae   0x00000002   PAD
    0x08007fb0   0x08007fb0   0x00000028   Code   RO         5359    i.Usart_Init        hw_usart.o
    0x08007fd8   0x08007fd8   0x00000020   Code   RO         4747    i.WriteGlobalSettings  settings.o
    0x08007ff8   0x08007ff8   0x00000002   Code   RO           16    i._Error_Handler    main.o
    0x08007ffa   0x08007ffa   0x00000002   PAD
    0x08007ffc   0x08007ffc   0x0000002c   Code   RO         5743    i.__0vsnprintf      mc_w.l(printfa.o)
    0x08008028   0x08008028   0x00000030   Code   RO         5804    i.__ARM_fpclassify  m_wm.l(fpclassify.o)
    0x08008058   0x08008058   0x00000358   Code   RO         5600    i.__hardfp_acos     m_wm.l(acos.o)
    0x080083b0   0x080083b0   0x00000360   Code   RO         5614    i.__hardfp_asin     m_wm.l(asin.o)
    0x08008710   0x08008710   0x000002d8   Code   RO         5628    i.__hardfp_atan     m_wm.l(atan.o)
    0x080089e8   0x080089e8   0x000001f0   Code   RO         5642    i.__hardfp_atan2    m_wm.l(atan2.o)
    0x08008bd8   0x08008bd8   0x00000118   Code   RO         5654    i.__hardfp_ceil     m_wm.l(ceil.o)
    0x08008cf0   0x08008cf0   0x000000c8   Code   RO         5660    i.__hardfp_cos      m_wm.l(cos.o)
    0x08008db8   0x08008db8   0x00000014   Code   RO         5672    i.__hardfp_fabs     m_wm.l(fabs.o)
    0x08008dcc   0x08008dcc   0x00000004   PAD
    0x08008dd0   0x08008dd0   0x00000118   Code   RO         5678    i.__hardfp_floor    m_wm.l(floor.o)
    0x08008ee8   0x08008ee8   0x00000100   Code   RO         5716    i.__hardfp_lround   m_wm.l(lround.o)
    0x08008fe8   0x08008fe8   0x000000e0   Code   RO         5684    i.__hardfp_round    m_wm.l(round.o)
    0x080090c8   0x080090c8   0x000000c8   Code   RO         5688    i.__hardfp_sin      m_wm.l(sin.o)
    0x08009190   0x08009190   0x0000007a   Code   RO         5700    i.__hardfp_sqrt     m_wm.l(sqrt.o)
    0x0800920a   0x0800920a   0x00000006   PAD
    0x08009210   0x08009210   0x000000b0   Code   RO         5712    i.__hardfp_trunc    m_wm.l(trunc.o)
    0x080092c0   0x080092c0   0x00000438   Code   RO         5809    i.__ieee754_rem_pio2  m_wm.l(rred.o)
    0x080096f8   0x080096f8   0x00000170   Code   RO         5787    i.__kernel_cos      m_wm.l(cos_i.o)
    0x08009868   0x08009868   0x000000f8   Code   RO         5806    i.__kernel_poly     m_wm.l(poly.o)
    0x08009960   0x08009960   0x00000130   Code   RO         5814    i.__kernel_sin      m_wm.l(sin_i.o)
    0x08009a90   0x08009a90   0x00000014   Code   RO         5791    i.__mathlib_dbl_infnan  m_wm.l(dunder.o)
    0x08009aa4   0x08009aa4   0x00000014   Code   RO         5792    i.__mathlib_dbl_infnan2  m_wm.l(dunder.o)
    0x08009ab8   0x08009ab8   0x00000020   Code   RO         5793    i.__mathlib_dbl_invalid  m_wm.l(dunder.o)
    0x08009ad8   0x08009ad8   0x00000020   Code   RO         5796    i.__mathlib_dbl_underflow  m_wm.l(dunder.o)
    0x08009af8   0x08009af8   0x0000000e   Code   RO         5873    i.__scatterload_copy  mc_w.l(handlers.o)
    0x08009b06   0x08009b06   0x00000002   Code   RO         5874    i.__scatterload_null  mc_w.l(handlers.o)
    0x08009b08   0x08009b08   0x0000000e   Code   RO         5875    i.__scatterload_zeroinit  mc_w.l(handlers.o)
    0x08009b16   0x08009b16   0x00000002   PAD
    0x08009b18   0x08009b18   0x0000000c   Code   RO         5847    i.__set_errno       mc_w.l(errno.o)
    0x08009b24   0x08009b24   0x00000184   Code   RO         5745    i._fp_digits        mc_w.l(printfa.o)
    0x08009ca8   0x08009ca8   0x000006dc   Code   RO         5746    i._printf_core      mc_w.l(printfa.o)
    0x0800a384   0x0800a384   0x00000024   Code   RO         5747    i._printf_post_padding  mc_w.l(printfa.o)
    0x0800a3a8   0x0800a3a8   0x0000002e   Code   RO         5748    i._printf_pre_padding  mc_w.l(printfa.o)
    0x0800a3d6   0x0800a3d6   0x00000016   Code   RO         5749    i._snputc           mc_w.l(printfa.o)
    0x0800a3ec   0x0800a3ec   0x00000010   Code   RO         5630    i.atan              m_wm.l(atan.o)
    0x0800a3fc   0x0800a3fc   0x00000198   Code   RO         5505    i.calculate_arm     arm_motion.o
    0x0800a594   0x0800a594   0x00000174   Code   RO         5506    i.calculate_forward  arm_motion.o
    0x0800a708   0x0800a708   0x0000002a   Code   RO         5507    i.check_angle       arm_motion.o
    0x0800a732   0x0800a732   0x00000002   PAD
    0x0800a734   0x0800a734   0x00000070   Code   RO         5130    i.convert_delta_vector_to_unit_vector  util.o
    0x0800a7a4   0x0800a7a4   0x00000018   Code   RO         5674    i.fabs              m_wm.l(fabs.o)
    0x0800a7bc   0x0800a7bc   0x00000028   Code   RO         5131    i.hypot_f           util.o
    0x0800a7e4   0x0800a7e4   0x0000005c   Code   RO         5133    i.limit_value_by_axis_maximum  util.o
    0x0800a840   0x0800a840   0x00000044   Code   RO           17    i.main              main.o
    0x0800a884   0x0800a884   0x00000010   Code   RO         4612    i.report_util_feedback_line_feed  report.o
    0x0800a894   0x0800a894   0x00000026   Code   RO         4613    i.report_util_float_setting  report.o
    0x0800a8ba   0x0800a8ba   0x00000002   PAD
    0x0800a8bc   0x0800a8bc   0x0000001c   Code   RO         4614    i.report_util_uint8_setting  report.o
    0x0800a8d8   0x0800a8d8   0x0000003c   Code   RO         5508    i.return_angle      arm_motion.o
    0x0800a914   0x0800a914   0x0000006e   Code   RO         5702    i.sqrt              m_wm.l(sqrt.o)
    0x0800a982   0x0800a982   0x00000010   Data   RO         4128    .constdata          system_stm32f4xx.o
    0x0800a992   0x0800a992   0x00000008   Data   RO         4129    .constdata          system_stm32f4xx.o
    0x0800a99a   0x0800a99a   0x00000006   PAD
    0x0800a9a0   0x0800a9a0   0x00000050   Data   RO         5603    .constdata          m_wm.l(acos.o)
    0x0800a9f0   0x0800a9f0   0x00000050   Data   RO         5617    .constdata          m_wm.l(asin.o)
    0x0800aa40   0x0800aa40   0x00000098   Data   RO         5631    .constdata          m_wm.l(atan.o)
    0x0800aad8   0x0800aad8   0x00000030   Data   RO         5788    .constdata          m_wm.l(cos_i.o)
    0x0800ab08   0x0800ab08   0x00000008   Data   RO         5808    .constdata          m_wm.l(qnan.o)
    0x0800ab10   0x0800ab10   0x000000c8   Data   RO         5811    .constdata          m_wm.l(rred.o)
    0x0800abd8   0x0800abd8   0x00000028   Data   RO         5815    .constdata          m_wm.l(sin_i.o)
    0x0800ac00   0x0800ac00   0x0000004a   Data   RO         4615    .conststring        report.o
    0x0800ac4a   0x0800ac4a   0x00000002   PAD
    0x0800ac4c   0x0800ac4c   0x00000020   Data   RO         5871    Region$$Table       anon$$obj.o


    Execution Region RW_IRAM1 (Exec base: 0x20000000, Load base: 0x0800ac6c, Size: 0x00002938, Max: 0x00020000, ABSOLUTE)

    Exec Addr    Load Addr    Size         Type   Attr      Idx    E Section Name        Object

    0x20000000   0x0800ac6c   0x00000005   Data   RW           21    .data               main.o
    0x20000005   0x0800ac71   0x00000003   PAD
    0x20000008   0x0800ac74   0x0000000c   Data   RW         3980    .data               stm32f4xx_hal.o
    0x20000014   0x0800ac80   0x00000004   Data   RW         4130    .data               system_stm32f4xx.o
    0x20000018   0x0800ac84   0x00000004   Data   RW         4384    .data               planner.o
    0x2000001c   0x0800ac88   0x00000001   Data   RW         4496    .data               probe.o
    0x2000001d   0x0800ac89   0x00000003   PAD
    0x20000020   0x0800ac8c   0x00000004   Data   RW         4851    .data               spindlecontrol.o
    0x20000024   0x0800ac90   0x00000010   Data   RW         4920    .data               stepper.o
    0x20000034   0x0800aca0   0x0000000c   Data   RW         5253    .data               fifo_usart.o
    0x20000040   0x0800acac   0x00000002   Data   RW         5364    .data               hw_usart.o
    0x20000042   0x0800acae   0x00000016   Data   RW         5510    .data               arm_motion.o
    0x20000058   0x0800acc4   0x00000001   Data   RW         5511    .data               arm_motion.o
    0x20000059   0x0800acc5   0x00000002   Data   RW         5558    .data               global.o
    0x2000005b   0x0800acc7   0x00000001   PAD
    0x2000005c   0x0800acc8   0x00000004   Data   RW         5848    .data               mc_w.l(errno.o)
    0x20000060        -       0x00000014   Zero   RW           18    .bss                main.o
    0x20000074        -       0x0000000c   Zero   RW           19    .bss                main.o
    0x20000080        -       0x0000000c   Zero   RW           20    .bss                main.o
    0x2000008c        -       0x00000054   Zero   RW          299    .bss                i2c.o
    0x200000e0        -       0x00000058   Zero   RW          341    .bss                spi.o
    0x20000138        -       0x00000078   Zero   RW          385    .bss                tim.o
    0x200001b0        -       0x00000040   Zero   RW          437    .bss                usart.o
    0x200001f0        -       0x000003f0   Zero   RW          479    .bss                usb_otg.o
    0x200005e0        -       0x00000020   Zero   RW         3254    .bss                stm32f4xx_hal_flash.o
    0x20000600        -       0x00000084   Zero   RW         4219    .bss                gcode.o
    0x20000684        -       0x00000e1c   Zero   RW         4383    .bss                planner.o
    0x200014a0        -       0x000000c8   Zero   RW         4547    .bss                protocol.o
    0x20001568        -       0x0000005c   Zero   RW         4748    .bss                settings.o
    0x200015c4        -       0x000003cc   Zero   RW         4919    .bss                stepper.o
    0x20001990        -       0x00000400   Zero   RW         5190    .bss                eeprom.o
    0x20001d90        -       0x00000792   Zero   RW         5252    .bss                fifo_usart.o
    0x20002522   0x0800accc   0x00000002   PAD
    0x20002524        -       0x00000010   Zero   RW         5509    .bss                arm_motion.o
    0x20002534   0x0800accc   0x00000004   PAD
    0x20002538        -       0x00000400   Zero   RW            1    STACK               startup_stm32f407xx.o


==============================================================================

Image component sizes


      Code (inc. data)   RO Data    RW Data    ZI Data      Debug   Object Name

       986         82          0         23         16       5013   arm_motion.o
       132         24          0          0          0       3139   coolantcontrol.o
       464         88          0          0       1024       6192   eeprom.o
       292         30          0         12       1938       3282   fifo_usart.o
      3888        130          0          0        132      12257   gcode.o
       386         58          0          2          0       3504   global.o
       388         32          0          0          0       1119   gpio.o
         2          0          0          0          0        480   hw_gpio.o
        58          4          0          0          0        986   hw_tim.o
        40          6          0          2          0       1327   hw_usart.o
       160         42          0          0         84       1593   i2c.o
        96         10          0          0          0       1074   jog.o
       952         70          0          0          0       5081   limits.o
       374         34          0          5         44     719065   main.o
      1320         96          0          0          0       6405   motioncontrol.o
      1746        166          0          4       3612      12595   planner.o
       406         42          0          0          0       5480   print.o
       162         42          0          1          0       3117   probe.o
      1662         72          0          0        200       6172   protocol.o
      2528        586         74          0          0      12621   report.o
      1078         98          0          0         92      10574   settings.o
       164         38          0          0         88       1597   spi.o
       556         82          0          4          0       5008   spindlecontrol.o
        36          8        392          0       1024        832   startup_stm32f407xx.o
      3316        196          0         16        972      11381   stepper.o
       180         28          0         12          0       4561   stm32f4xx_hal.o
       226         14          0          0          0      31578   stm32f4xx_hal_cortex.o
        36          0          0          0          0       1211   stm32f4xx_hal_dma.o
       516         66          0          0         32       6562   stm32f4xx_hal_flash.o
       356         24          0          0          0       3982   stm32f4xx_hal_flash_ex.o
       460         44          0          0          0       3676   stm32f4xx_hal_gpio.o
       264         10          0          0          0       2979   stm32f4xx_hal_i2c.o
       132          6          0          0          0        902   stm32f4xx_hal_msp.o
       190          0          0          0          0       1471   stm32f4xx_hal_pcd.o
      1272         82          0          0          0       5604   stm32f4xx_hal_rcc.o
       128          0          0          0          0       1207   stm32f4xx_hal_spi.o
      1494         90          0          0          0      14618   stm32f4xx_hal_tim.o
        80          0          0          0          0       1284   stm32f4xx_hal_tim_ex.o
      1410         14          0          0          0       7109   stm32f4xx_hal_uart.o
        42          6          0          0          0       4554   stm32f4xx_it.o
       632         36          0          0          0       6461   stm32f4xx_ll_usb.o
      1124         92          0          0          0      17783   system.o
        36          0          0          0          0       1402   system32.o
        84         18         24          4          0       1147   system_stm32f4xx.o
       452         74          0          0        120       2997   tim.o
       168         38          0          0         64       1634   usart.o
       168         34          0          0       1008       1673   usb_otg.o
       600         32          0          0          0       4507   util.o

    ----------------------------------------------------------------------
     31300       2744        530         92      10456     968796   Object Totals
         0          0         32          0          0          0   (incl. Generated)
        58          0          8          7          6          0   (incl. Padding)

    ----------------------------------------------------------------------

      Code (inc. data)   RO Data    RW Data    ZI Data      Debug   Library Member Name

       856        118         80          0          0        288   acos.o
       864         94         80          0          0        280   asin.o
       744        106        152          0          0        352   atan.o
       496         64          0          0          0        192   atan2.o
       280         28          0          0          0        156   ceil.o
       200         20          0          0          0        164   cos.o
       368         46         48          0          0        200   cos_i.o
       104         16          0          0          0        496   dunder.o
        44          0          0          0          0        248   fabs.o
       280         28          0          0          0        156   floor.o
        48          0          0          0          0        124   fpclassify.o
       256         46          0          0          0        172   lround.o
       248          0          0          0          0        152   poly.o
         0          0          8          0          0          0   qnan.o
       224         30          0          0          0        172   round.o
      1080        142        200          0          0        188   rred.o
       200         20          0          0          0        164   sin.o
       304         24         40          0          0        208   sin_i.o
       232          0          0          0          0        296   sqrt.o
       176         22          0          0          0        156   trunc.o
         0          0          0          0          0          0   entry.o
         0          0          0          0          0          0   entry10a.o
         0          0          0          0          0          0   entry11a.o
         8          4          0          0          0          0   entry2.o
         4          0          0          0          0          0   entry5.o
         0          0          0          0          0          0   entry7b.o
         0          0          0          0          0          0   entry8b.o
         8          4          0          0          0          0   entry9a.o
        12          6          0          4          0         68   errno.o
        30          0          0          0          0          0   handlers.o
        36          8          0          0          0         68   init.o
         0          0          0          0          0          0   iusefp.o
        30          0          0          0          0         68   llshl.o
        36          0          0          0          0         68   llsshr.o
        32          0          0          0          0         68   llushr.o
        26          0          0          0          0         80   memcmp.o
        36          0          0          0          0         68   memcpya.o
        36          0          0          0          0        108   memseta.o
      2292         84          0          0          0        516   printfa.o
        44          0          0          0          0         80   uidiv.o
        98          0          0          0          0         92   uldiv.o
        48          0          0          0          0         68   cdcmple.o
        48          0          0          0          0         68   cdrcmple.o
        56          0          0          0          0         88   d2f.o
       334          0          0          0          0        148   dadd.o
       222          0          0          0          0        100   ddiv.o
       186          0          0          0          0        176   depilogue.o
        62          0          0          0          0         80   dfixi.o
       168          0          0          0          0         88   dfixir.o
        50          0          0          0          0         76   dfixui.o
        48          0          0          0          0         68   dfixul.o
        34          0          0          0          0         76   dflti.o
        26          0          0          0          0         76   dfltui.o
       228          0          0          0          0         96   dmul.o
       136          4          0          0          0         92   drnd.o
       162          0          0          0          0        100   dsqrt.o
        38          0          0          0          0         68   f2d.o
       110          0          0          0          0        168   fepilogue.o

    ----------------------------------------------------------------------
     11702        914        608          4          0       7084   Library Totals
        14          0          0          0          0          0   (incl. Padding)

    ----------------------------------------------------------------------

      Code (inc. data)   RO Data    RW Data    ZI Data      Debug   Library Name

      7004        804        608          0          0       4164   m_wm.l
      2728        106          0          4          0       1284   mc_w.l
      1956          4          0          0          0       1636   mf_w.l

    ----------------------------------------------------------------------
     11702        914        608          4          0       7084   Library Totals

    ----------------------------------------------------------------------

==============================================================================


      Code (inc. data)   RO Data    RW Data    ZI Data      Debug   

     43002       3658       1138         96      10456     947324   Grand Totals
     43002       3658       1138         96      10456     947324   ELF Image Totals
     43002       3658       1138         96          0          0   ROM Totals

==============================================================================

    Total RO  Size (Code + RO Data)                44140 (  43.11kB)
    Total RW  Size (RW Data + ZI Data)             10552 (  10.30kB)
    Total ROM Size (Code + RO Data + RW Data)      44236 (  43.20kB)

==============================================================================

