<html>
<body>
<pre>
<h1>礦ision Build Log</h1>
<h2>Tool Versions:</h2>
IDE-Version: μVision V5.25.2.0
Copyright (C) 2018 ARM Ltd and ARM Germany GmbH. All rights reserved.
License Information: hust hust, hust, LIC=EPPCX-HUTEV-ILVCB-2V61J-SK4DN-YMBAN
 
Tool Versions:
Toolchain:       MDK-ARM Professional  Version: 5.25.2.0
Toolchain Path:  D:\Keil_v5\ARM\ARMCC\Bin
C Compiler:      Armcc.exe V5.06 update 6 (build 750)
Assembler:       Armasm.exe V5.06 update 6 (build 750)
Linker/Locator:  ArmLink.exe V5.06 update 6 (build 750)
Library Manager: ArmAr.exe V5.06 update 6 (build 750)
Hex Converter:   FromElf.exe V5.06 update 6 (build 750)
CPU DLL:         SARMCM3.DLL V5.25.2.0
Dialog DLL:      DCM.DLL V1.17.1.0
Target DLL:      STLink\ST-LINKIII-KEIL_SWO.dll V3.0.1.0
Dialog DLL:      TCM.DLL V1.35.1.0
 
<h2>Project:</h2>
D:\desktop_hust\STM32F4_ARM_Gcode\MDK-ARM\STM32F4_ARM_Gcode.uvprojx
Project File Date:  10/18/2018

<h2>Output:</h2>
*** Using Compiler 'V5.06 update 6 (build 750)', folder: 'D:\Keil_v5\ARM\ARMCC\Bin'
Build target 'STM32F4_ARM_Gcode'
compiling Arm_motion.c...
..\Hardware\Global\Arm_motion.c(88): warning:  #1035-D: single-precision operand implicitly converted to double-precision
  	y1=sin(cartesian_theta[X_AXIS]/ARM_RAD2DEG)*BIG_ARM_LENGTH-sin(cartesian_theta[Y_AXIS]/ARM_RAD2DEG)*SMALL_ARM_LENGTH;
..\Hardware\Global\Arm_motion.c(88): warning:  #1035-D: single-precision operand implicitly converted to double-precision
  	y1=sin(cartesian_theta[X_AXIS]/ARM_RAD2DEG)*BIG_ARM_LENGTH-sin(cartesian_theta[Y_AXIS]/ARM_RAD2DEG)*SMALL_ARM_LENGTH;
..\Hardware\Global\Arm_motion.c(90): warning:  #1035-D: single-precision operand implicitly converted to double-precision
  	x1=cos(cartesian_theta[X_AXIS]/ARM_RAD2DEG)*BIG_ARM_LENGTH+cos(cartesian_theta[Y_AXIS]/ARM_RAD2DEG)*SMALL_ARM_LENGTH;
..\Hardware\Global\Arm_motion.c(90): warning:  #1035-D: single-precision operand implicitly converted to double-precision
  	x1=cos(cartesian_theta[X_AXIS]/ARM_RAD2DEG)*BIG_ARM_LENGTH+cos(cartesian_theta[Y_AXIS]/ARM_RAD2DEG)*SMALL_ARM_LENGTH;
..\Hardware\Global\Arm_motion.c(93): warning:  #1035-D: single-precision operand implicitly converted to double-precision
  	x2 = x1 *cos(cartesian_theta[Z_AXIS]/ARM_RAD2DEG);
..\Hardware\Global\Arm_motion.c(94): warning:  #1035-D: single-precision operand implicitly converted to double-precision
  	y2 = x1 *sin(cartesian_theta[Z_AXIS]/ARM_RAD2DEG);
..\Hardware\Global\Arm_motion.c(135): warning:  #1035-D: single-precision operand implicitly converted to double-precision
  	arm_motion_temp.arm[X_AXIS] = TempX*ARM_RAD2DEG;//弧度转化为角度
..\Hardware\Global\Arm_motion.c(136): warning:  #1035-D: single-precision operand implicitly converted to double-precision
  	arm_motion_temp.arm[Y_AXIS] = 180-arm_motion_temp.arm[X_AXIS]-TempY*ARM_RAD2DEG;
..\Hardware\Global\Arm_motion.c(137): warning:  #1035-D: single-precision operand implicitly converted to double-precision
  	arm_motion_temp.arm[Z_AXIS] = TempZ*ARM_RAD2DEG;
..\Hardware\Global\Arm_motion.c: 9 warnings, 0 errors
linking...
Program Size: Code=43002 RO-data=1138 RW-data=96 ZI-data=10456  
FromELF: creating hex file...
"STM32F4_ARM_Gcode\STM32F4_ARM_Gcode.axf" - 0 Error(s), 9 Warning(s).

<h2>Software Packages used:</h2>

Package Vendor: ARM
                http://www.keil.com/pack/ARM.CMSIS.5.3.0.pack
                ARM.CMSIS.5.3.0
                CMSIS (Cortex Microcontroller Software Interface Standard)
   * Component: CORE Version: 5.1.1

Package Vendor: Keil
                http://www.keil.com/pack/Keil.STM32F4xx_DFP.2.13.0.pack
                Keil.STM32F4xx_DFP.2.13.0
                STMicroelectronics STM32F4 Series Device Support, Drivers and Examples

<h2>Collection of Component include folders:</h2>
  .\RTE\_STM32F4_ARM_Gcode
  D:\Keil_v5\ARM\PACK\ARM\CMSIS\5.3.0\CMSIS\Include
  D:\Keil_v5\ARM\PACK\Keil\STM32F4xx_DFP\2.13.0\Drivers\CMSIS\Device\ST\STM32F4xx\Include

<h2>Collection of Component Files used:</h2>

   * Component: ARM::CMSIS:CORE:5.1.1
Build Time Elapsed:  00:00:04
</pre>
</body>
</html>
